Microchip Technology Inc, vv1.24 (0)

Tool Name:
  c:\program files (x86)\microchip\xc16\v1.24\bin\bin\..\bin/elf-ld.exe

Command:
  -p24FJ128GC006 \
  -o \
  dist/XC16_24FJ128GC006/debug/WiMDAS_final.X.debug.elf \
  -Lc:/program files (x86)/microchip/xc16/v1.24/bin/bin/.. \
  -Lc:/program files (x86)/microchip/xc16/v1.24/bin/bin/../../lib \
  -Lc:/program files (x86)/microchip/xc16/v1.24/bin/bin/../../lib/PIC24E \
  -Lc:/program files (x86)/microchip/xc16/v1.24/bin/bin/../../support/PIC24E/gld \
  -Lc:/program files (x86)/microchip/xc16/v1.24/bin/bin/../../lib/PIC24F \
  -Lc:/program files (x86)/microchip/xc16/v1.24/bin/bin/../../support/PIC24F/gld \
  -Lc:/program files (x86)/microchip/xc16/v1.24/bin/bin/../../lib/PIC24H \
  -Lc:/program files (x86)/microchip/xc16/v1.24/bin/bin/../../support/PIC24H/gld \
  -Lc:/program files (x86)/microchip/xc16/v1.24/bin/bin/../../lib/dsPIC30F \
  -Lc:/program files (x86)/microchip/xc16/v1.24/bin/bin/../../support/dsPIC30F/gld \
  -Lc:/program files (x86)/microchip/xc16/v1.24/bin/bin/../../lib/dsPIC33E \
  -Lc:/program files (x86)/microchip/xc16/v1.24/bin/bin/../../support/dsPIC33E/gld \
  -Lc:/program files (x86)/microchip/xc16/v1.24/bin/bin/../../lib/dsPIC33F \
  -Lc:/program files (x86)/microchip/xc16/v1.24/bin/bin/../../support/dsPIC33F/gld \
  build/XC16_24FJ128GC006/debug/USB/usb_descriptors.o \
  build/XC16_24FJ128GC006/debug/USB/usb_device.o \
  build/XC16_24FJ128GC006/debug/USB/usb_device_cdc.o \
  build/XC16_24FJ128GC006/debug/USB/usb_my.o \
  build/XC16_24FJ128GC006/debug/configuration_bits.o \
  build/XC16_24FJ128GC006/debug/main.o \
  build/XC16_24FJ128GC006/debug/system.o \
  build/XC16_24FJ128GC006/debug/traps.o \
  build/XC16_24FJ128GC006/debug/ADC_pipeline.o \
  build/XC16_24FJ128GC006/debug/user.o \
  build/XC16_24FJ128GC006/debug/interrupts.o \
  build/XC16_24FJ128GC006/debug/lea6t.o \
  build/XC16_24FJ128GC006/debug/tinysh.o \
  build/XC16_24FJ128GC006/debug/commands.o \
  build/XC16_24FJ128GC006/debug/xprintf.o \
  build/XC16_24FJ128GC006/debug/rtc.o \
  -TC:\Users\Wiktor\AppData\Local\Temp\tmp00002724.00 \
  -TC:\Users\Wiktor\AppData\Local\Temp\tmp00002724.01 \
  -TC:\Users\Wiktor\AppData\Local\Temp\tmp00002724.02 \
  -TC:\Users\Wiktor\AppData\Local\Temp\tmp00002724.03 \
  -TC:\Users\Wiktor\AppData\Local\Temp\tmp00002724.04 \
  -TC:\Users\Wiktor\AppData\Local\Temp\tmp00002724.05 \
  -TC:\Users\Wiktor\AppData\Local\Temp\tmp00002724.06 \
  --local-stack \
  --defsym=__MPLAB_BUILD=1 \
  --defsym=__MPLAB_DEBUG=1 \
  --defsym=__DEBUG=1 \
  --defsym=__MPLAB_DEBUGGER_PK3=1 \
  -Tp24FJ128GC006.gld.07 \
  --stack=16 \
  --check-sections \
  --data-init \
  --pack-data \
  --handles \
  --isr \
  --no-gc-sections \
  --fill-upper=0 \
  --stackguard=16 \
  --no-force-link \
  --smart-io \
  -Map=dist/XC16_24FJ128GC006/debug/WiMDAS_final.X.debug.map \
  --report-mem \
  -start-group \
  --library=pic30-elf \
  --library=m-elf \
  --library=c-elf \
  -end-group \

Archive member included because of file (symbol)

c:/program files (x86)/microchip/xc16/v1.24/bin/bin/../../lib/PIC24F\libpPIC24Fxxx-elf.a(IdleI2C1.o)
                              build/XC16_24FJ128GC006/debug/lea6t.o (_IdleI2C1)
c:/program files (x86)/microchip/xc16/v1.24/bin/bin/../../lib/PIC24F\libpPIC24Fxxx-elf.a(MastergetsI2C1.o)
                              build/XC16_24FJ128GC006/debug/lea6t.o (_MastergetsI2C1)
c:/program files (x86)/microchip/xc16/v1.24/bin/bin/../../lib/PIC24F\libpPIC24Fxxx-elf.a(MasterWriteI2C1.o)
                              build/XC16_24FJ128GC006/debug/lea6t.o (_MasterWriteI2C1)
c:/program files (x86)/microchip/xc16/v1.24/bin/bin/../../lib/PIC24F\libpPIC24Fxxx-elf.a(StartI2C1.o)
                              build/XC16_24FJ128GC006/debug/lea6t.o (_StartI2C1)
c:/program files (x86)/microchip/xc16/v1.24/bin/bin/../../lib/PIC24F\libpPIC24Fxxx-elf.a(StopI2C1.o)
                              build/XC16_24FJ128GC006/debug/lea6t.o (_StopI2C1)
c:/program files (x86)/microchip/xc16/v1.24/bin/bin/../../lib/PIC24F\libpPIC24Fxxx-elf.a(RTCCInitClock_v1.o)
                              build/XC16_24FJ128GC006/debug/rtc.o (_RtccInitClock_v1)
c:/program files (x86)/microchip/xc16/v1.24/bin/bin/../../lib/PIC24F\libpPIC24Fxxx-elf.a(RtccReadTime_v1.o)
                              build/XC16_24FJ128GC006/debug/rtc.o (_RtccReadTime_v1)
c:/program files (x86)/microchip/xc16/v1.24/bin/bin/../../lib/PIC24F\libpPIC24Fxxx-elf.a(RtccWriteTime_v1.o)
                              build/XC16_24FJ128GC006/debug/rtc.o (_RtccWriteTime_v1)
c:/program files (x86)/microchip/xc16/v1.24/bin/bin/../../lib/PIC24F\libpPIC24Fxxx-elf.a(RtccWrOn_v1.o)
                              build/XC16_24FJ128GC006/debug/rtc.o (_RtccWrOn_v1)
c:/program files (x86)/microchip/xc16/v1.24/bin/bin/../../lib/PIC24F\libpPIC24Fxxx-elf.a(DataRdyI2C1.o)
                              c:/program files (x86)/microchip/xc16/v1.24/bin/bin/../../lib/PIC24F\libpPIC24Fxxx-elf.a(MastergetsI2C1.o) (_DataRdyI2C1)
[...]
Memory Configuration

Name             Origin             Length             Attributes
data             0x000800           0x002000           a !xr
reset            0x000000           0x000004  
ivt              0x000004           0x0000fc  
_reserved        0x000100           0x000004  
aivt             0x000104           0x0000fc  
program          0x000200           0x0155f8           xr
CONFIG4          0x0157f8           0x000002  
CONFIG3          0x0157fa           0x000002  
CONFIG2          0x0157fc           0x000002  
CONFIG1          0x0157fe           0x000002  
*default*        0x000000           0xffffffff  

Linker script and memory map

LOAD build/XC16_24FJ128GC006/debug/USB/usb_descriptors.o
LOAD build/XC16_24FJ128GC006/debug/USB/usb_device.o
LOAD build/XC16_24FJ128GC006/debug/USB/usb_device_cdc.o
LOAD build/XC16_24FJ128GC006/debug/USB/usb_my.o
LOAD build/XC16_24FJ128GC006/debug/configuration_bits.o
LOAD build/XC16_24FJ128GC006/debug/main.o
LOAD build/XC16_24FJ128GC006/debug/system.o
LOAD build/XC16_24FJ128GC006/debug/traps.o
LOAD build/XC16_24FJ128GC006/debug/ADC_pipeline.o
LOAD build/XC16_24FJ128GC006/debug/user.o
LOAD build/XC16_24FJ128GC006/debug/interrupts.o
LOAD build/XC16_24FJ128GC006/debug/lea6t.o
LOAD build/XC16_24FJ128GC006/debug/tinysh.o
LOAD build/XC16_24FJ128GC006/debug/commands.o
LOAD build/XC16_24FJ128GC006/debug/xprintf.o
LOAD build/XC16_24FJ128GC006/debug/rtc.o

reserve_data_0x800
                    0x0800         0x1c
                    0x081c                  . = 0x1c
 *fill*             0x0800         0x1c00

reserve_data_0x81c
                    0x081c          0x2
                    0x081e                  . = 0x2
 *fill*             0x081c          0x200

reserve_data_0x81e
                    0x081e          0x2
                    0x0820                  . = 0x2
 *fill*             0x081e          0x200

reserve_data_0x820
                    0x0820          0x2
                    0x0822                  . = 0x2
 *fill*             0x0820          0x200

reserve_data_0x822
                    0x0822          0x2
                    0x0824                  . = 0x2
 *fill*             0x0822          0x200

reserve_data_0x824
                    0x0824          0x4
                    0x0828                  . = 0x4
 *fill*             0x0824          0x400

reserve_data_0x82a
                    0x082a         0x26
                    0x0850                  . = 0x26
 *fill*             0x082a         0x2600
                    0x0001                  __MPLAB_BUILD = 0x1
                    0x0001                  __MPLAB_DEBUG = 0x1
                    0x0001                  __DEBUG = 0x1
                    0x0001                  __MPLAB_DEBUGGER_PK3 = 0x1
LOAD c:/program files (x86)/microchip/xc16/v1.24/bin/bin/../../lib/PIC24F\libpPIC24Fxxx-elf.a
LOAD c:/program files (x86)/microchip/xc16/v1.24/bin/bin/../../lib\libfx-elf.a
                    0x157f8                  __CONFIG4 = 0x157f8
                    0x157fa                  __CONFIG3 = 0x157fa
                    0x157fc                  __CONFIG2 = 0x157fc
                    0x157fe                  __CONFIG1 = 0x157fe
                    0x0200                  __CODE_BASE = 0x200
                    0x155f8                  __CODE_LENGTH = 0x155f8
                    0x0004                  __IVT_BASE = 0x4
                    0x0104                  __AIVT_BASE = 0x104
                    0x0800                  __DATA_BASE = 0x800
                    0x2000                  __DATA_LENGTH = 0x2000

.reset            0x000000          0x4
                  0x000000          0x2 SHORT 0x200 ABSOLUTE (__reset)
                  0x000001          0x2 SHORT 0x4
                  0x000002          0x2 SHORT 0x0 ((ABSOLUTE (__reset) >> 0x10) & 0x7f)
                  0x000003          0x2 SHORT 0x0

.text             0x000200        0x73c
 *(.init)
 .init            0x000200         0x38 c:/program files (x86)/microchip/xc16/v1.24/bin/bin/../../lib\libpic30-elf.a(crt0_extended.o)
                  0x000200                  __resetPRI
                  0x000200                  __reset
                  0x00022c                  __psv_init
 .init            0x000238         0x9a c:/program files (x86)/microchip/xc16/v1.24/bin/bin/../../lib\libpic30-elf.a(data_init_extended.o)
                  0x000238                  __data_init
                  0x000238                  __data_init_extended
 *(.user_init)
 *(.handle)
 .handle          0x0002d2         0x10 jump_table
 *(.isr*)
 .isr.text        0x0002e2         0x34 build/XC16_24FJ128GC006/debug/traps.o
                  0x0002e2                  __OscillatorFail
                  0x0002e8                  __AddressError
                  0x0002ee                  __StackError
                  0x0002f4                  __MathError
                  0x0002fa                  __AltOscillatorFail
                  0x000300                  __AltAddressError
                  0x000306                  __AltStackError
                  0x00030c                  __AltMathError
                  0x000312                  __DefaultInterrupt
 .isr.text        0x000316        0x184 build/XC16_24FJ128GC006/debug/interrupts.o
                  0x000316                  __OC1Interrupt
                  0x00032a                  __ADC1Interrupt
                  0x000356                  __DMA0Interrupt
                  0x0003b6                  __DMA1Interrupt
                  0x000416                  __IC1Interrupt
 *(.libc)
 .libc            0x00049a         0x60 c:/program files (x86)/microchip/xc16/v1.24/bin/bin/../../lib\libpic30-elf.a(write.eo)
                  0x00049a                  _write
 *(.libm)
 *(.libdsp)
 *(.lib*)
 .libperi         0x0004fa         0x3a c:/program files (x86)/microchip/xc16/v1.24/bin/bin/../../lib/PIC24F\libpPIC24Fxxx-elf.a(IdleI2C1.o)
                  0x0004fa                  _IdleI2C1
 .libperi         0x000534         0x6a c:/program files (x86)/microchip/xc16/v1.24/bin/bin/../../lib/PIC24F\libpPIC24Fxxx-elf.a(MastergetsI2C1.o)
                  0x000534                  _MastergetsI2C1
 .libperi         0x00059e         0x20 c:/program files (x86)/microchip/xc16/v1.24/bin/bin/../../lib/PIC24F\libpPIC24Fxxx-elf.a(MasterWriteI2C1.o)
                  0x00059e                  _MasterWriteI2C1
 .libperi         0x0005be          0x8 c:/program files (x86)/microchip/xc16/v1.24/bin/bin/../../lib/PIC24F\libpPIC24Fxxx-elf.a(StartI2C1.o)
                  0x0005be                  _StartI2C1
 .libperi         0x0005c6          0x8 c:/program files (x86)/microchip/xc16/v1.24/bin/bin/../../lib/PIC24F\libpPIC24Fxxx-elf.a(StopI2C1.o)
                  0x0005c6                  _StopI2C1
 .libperi         0x0005ce         0x36 c:/program files (x86)/microchip/xc16/v1.24/bin/bin/../../lib/PIC24F\libpPIC24Fxxx-elf.a(RTCCInitClock_v1.o)
                  0x0005ce                  _RtccInitClock_v1
 .libperi         0x000604         0x52 c:/program files (x86)/microchip/xc16/v1.24/bin/bin/../../lib/PIC24F\libpPIC24Fxxx-elf.a(RtccReadTime_v1.o)
                  0x000604                  _RtccReadTime_v1
 .libperi         0x000656        0x108 c:/program files (x86)/microchip/xc16/v1.24/bin/bin/../../lib/PIC24F\libpPIC24Fxxx-elf.a(RtccWriteTime_v1.o)
                  0x000656                  _RtccWriteTime_v1
 .libperi         0x00075e         0x4e c:/program files (x86)/microchip/xc16/v1.24/bin/bin/../../lib/PIC24F\libpPIC24Fxxx-elf.a(RtccWrOn_v1.o)
                  0x00075e                  _RtccWrOn_v1
 .libperi         0x0007ac          0xe c:/program files (x86)/microchip/xc16/v1.24/bin/bin/../../lib/PIC24F\libpPIC24Fxxx-elf.a(DataRdyI2C1.o)
                  0x0007ac                  _DataRdyI2C1
 .libm.udivsi3    0x0007ba         0x20 c:/program files (x86)/microchip/xc16/v1.24/bin/bin/../../lib\libm-elf.a(udivsi3.eo)
                  0x0007ba                  ___udivsi3
 .libm.umodsi3    0x0007da          0x6 c:/program files (x86)/microchip/xc16/v1.24/bin/bin/../../lib\libm-elf.a(umodsi3.eo)
                  0x0007da                  ___umodsi3
 .libc.memset     0x0007e0          0xe c:/program files (x86)/microchip/xc16/v1.24/bin/bin/../../lib\libc-elf.a(memset.eo)
                  0x0007e0                  _memset
 .libc.fputs      0x0007ee         0x1c c:/program files (x86)/microchip/xc16/v1.24/bin/bin/../../lib\libc-elf.a(puts.eo)
                  0x0007ee                  _fputs
 .libc.puts       0x00080a         0x14 c:/program files (x86)/microchip/xc16/v1.24/bin/bin/../../lib\libc-elf.a(puts.eo)
                  0x00080a                  _puts
 .libc.strlen     0x00081e          0xe c:/program files (x86)/microchip/xc16/v1.24/bin/bin/../../lib\libc-elf.a(strlen.eo)
                  0x00081e                  _strlen
 .libc.fputc      0x00082c         0x88 c:/program files (x86)/microchip/xc16/v1.24/bin/bin/../../lib\libc-elf.a(fputc.eo)
                  0x00082c                  _fputc
 .libc._flsbuf    0x0008b4         0x84 c:/program files (x86)/microchip/xc16/v1.24/bin/bin/../../lib\libc-elf.a(flsbuf.eo)
                  0x0008b4                  __flsbuf
 .libc.dowrite    0x000938          0x4 c:/program files (x86)/microchip/xc16/v1.24/bin/bin/../../lib\libpic30-elf.a(write.eo)

usercode
 *(usercode)

__CONFIG4
 *(__CONFIG4.sec*)

__CONFIG3
 *(__CONFIG3.sec*)

__CONFIG2
 *(__CONFIG2.sec*)

__CONFIG1
 *(__CONFIG1.sec*)

.comment
 *(.comment)

.debug_info       0x000000       0xe32d
 *(.debug_info)
 .debug_info      0x000000        0x7e2 build/XC16_24FJ128GC006/debug/USB/usb_descriptors.o
 .debug_info      0x0007e2       0x27fc build/XC16_24FJ128GC006/debug/USB/usb_device.o
 .debug_info      0x002fde       0x15ad build/XC16_24FJ128GC006/debug/USB/usb_device_cdc.o
 .debug_info      0x00458b        0xc1a build/XC16_24FJ128GC006/debug/USB/usb_my.o
 .debug_info      0x0051a5         0xad build/XC16_24FJ128GC006/debug/configuration_bits.o
 .debug_info      0x005252        0x312 build/XC16_24FJ128GC006/debug/main.o
 .debug_info      0x005564        0x497 build/XC16_24FJ128GC006/debug/system.o
 .debug_info      0x0059fb        0x2dc build/XC16_24FJ128GC006/debug/traps.o
 .debug_info      0x005cd7       0x1842 build/XC16_24FJ128GC006/debug/ADC_pipeline.o
 .debug_info      0x007519       0x2f3a build/XC16_24FJ128GC006/debug/user.o
 .debug_info      0x00a453       0x1174 build/XC16_24FJ128GC006/debug/interrupts.o
 .debug_info      0x00b5c7       0x10ad build/XC16_24FJ128GC006/debug/lea6t.o
 .debug_info      0x00c674        0xa53 build/XC16_24FJ128GC006/debug/tinysh.o
 .debug_info      0x00d0c7        0x6e2 build/XC16_24FJ128GC006/debug/commands.o
 .debug_info      0x00d7a9        0x5ac build/XC16_24FJ128GC006/debug/xprintf.o
 .debug_info      0x00dd55        0x5d8 build/XC16_24FJ128GC006/debug/rtc.o
 *(.gnu.linkonce.wi.*)

.debug_abbrev     0x000000       0x16ff
 *(.debug_abbrev)
 .debug_abbrev    0x000000        0x102 build/XC16_24FJ128GC006/debug/USB/usb_descriptors.o
 .debug_abbrev    0x000102        0x2d1 build/XC16_24FJ128GC006/debug/USB/usb_device.o
 .debug_abbrev    0x0003d3        0x25f build/XC16_24FJ128GC006/debug/USB/usb_device_cdc.o
 .debug_abbrev    0x000632        0x1d5 build/XC16_24FJ128GC006/debug/USB/usb_my.o
 .debug_abbrev    0x000807         0x1f build/XC16_24FJ128GC006/debug/configuration_bits.o
 .debug_abbrev    0x000826         0xcc build/XC16_24FJ128GC006/debug/main.o
 .debug_abbrev    0x0008f2         0xb8 build/XC16_24FJ128GC006/debug/system.o
 .debug_abbrev    0x0009aa         0x7d build/XC16_24FJ128GC006/debug/traps.o
 .debug_abbrev    0x000a27        0x1b6 build/XC16_24FJ128GC006/debug/ADC_pipeline.o
 .debug_abbrev    0x000bdd        0x19e build/XC16_24FJ128GC006/debug/user.o
 .debug_abbrev    0x000d7b        0x162 build/XC16_24FJ128GC006/debug/interrupts.o
 .debug_abbrev    0x000edd        0x228 build/XC16_24FJ128GC006/debug/lea6t.o
 .debug_abbrev    0x001105        0x1fd build/XC16_24FJ128GC006/debug/tinysh.o
 .debug_abbrev    0x001302        0x12b build/XC16_24FJ128GC006/debug/commands.o
 .debug_abbrev    0x00142d        0x12c build/XC16_24FJ128GC006/debug/xprintf.o
 .debug_abbrev    0x001559        0x1a6 build/XC16_24FJ128GC006/debug/rtc.o

.debug_line       0x000000       0x4ec9
 *(.debug_line)
 .debug_line      0x000000         0xbc build/XC16_24FJ128GC006/debug/USB/usb_descriptors.o
 .debug_line      0x0000bc       0x12fb build/XC16_24FJ128GC006/debug/USB/usb_device.o
 .debug_line      0x0013b7        0x64b build/XC16_24FJ128GC006/debug/USB/usb_device_cdc.o
 .debug_line      0x001a02        0x4ca build/XC16_24FJ128GC006/debug/USB/usb_my.o
 .debug_line      0x001ecc         0x24 build/XC16_24FJ128GC006/debug/configuration_bits.o
 .debug_line      0x001ef0        0x15a build/XC16_24FJ128GC006/debug/main.o
 .debug_line      0x00204a         0xc8 build/XC16_24FJ128GC006/debug/system.o
 .debug_line      0x002112        0x1b7 build/XC16_24FJ128GC006/debug/traps.o
 .debug_line      0x0022c9        0x4b1 build/XC16_24FJ128GC006/debug/ADC_pipeline.o
 .debug_line      0x00277a        0x694 build/XC16_24FJ128GC006/debug/user.o
 .debug_line      0x002e0e        0x286 build/XC16_24FJ128GC006/debug/interrupts.o
 .debug_line      0x003094        0x774 build/XC16_24FJ128GC006/debug/lea6t.o
 .debug_line      0x003808        0xbd2 build/XC16_24FJ128GC006/debug/tinysh.o
 .debug_line      0x0043da        0x196 build/XC16_24FJ128GC006/debug/commands.o
 .debug_line      0x004570        0x661 build/XC16_24FJ128GC006/debug/xprintf.o
 .debug_line      0x004bd1        0x2f8 build/XC16_24FJ128GC006/debug/rtc.o

.debug_frame      0x000000        0x958
 *(.debug_frame)
 .debug_frame     0x000000        0x1b4 build/XC16_24FJ128GC006/debug/USB/usb_device.o
 .debug_frame     0x0001b4         0x94 build/XC16_24FJ128GC006/debug/USB/usb_device_cdc.o
 .debug_frame     0x000248         0xc4 build/XC16_24FJ128GC006/debug/USB/usb_my.o
 .debug_frame     0x00030c         0x24 build/XC16_24FJ128GC006/debug/main.o
 .debug_frame     0x000330         0x24 build/XC16_24FJ128GC006/debug/system.o
 .debug_frame     0x000354         0xa4 build/XC16_24FJ128GC006/debug/traps.o
 .debug_frame     0x0003f8         0x70 build/XC16_24FJ128GC006/debug/ADC_pipeline.o
 .debug_frame     0x000468         0xa4 build/XC16_24FJ128GC006/debug/user.o
 .debug_frame     0x00050c         0x64 build/XC16_24FJ128GC006/debug/interrupts.o
 .debug_frame     0x000570         0x94 build/XC16_24FJ128GC006/debug/lea6t.o
 .debug_frame     0x000604        0x134 build/XC16_24FJ128GC006/debug/tinysh.o
 .debug_frame     0x000738         0x54 build/XC16_24FJ128GC006/debug/commands.o
 .debug_frame     0x00078c        0x144 build/XC16_24FJ128GC006/debug/xprintf.o
 .debug_frame     0x0008d0         0x88 build/XC16_24FJ128GC006/debug/rtc.o

.debug_str        0x000000        0x85e
 *(.debug_str)
 .debug_str       0x000000         0x2a build/XC16_24FJ128GC006/debug/USB/usb_descriptors.o
 .debug_str       0x00002a        0x286 build/XC16_24FJ128GC006/debug/USB/usb_device.o
 .debug_str       0x0002b0         0xde build/XC16_24FJ128GC006/debug/USB/usb_device_cdc.o
 .debug_str       0x00038e         0x87 build/XC16_24FJ128GC006/debug/USB/usb_my.o
 .debug_str       0x000415         0x1a build/XC16_24FJ128GC006/debug/main.o
 .debug_str       0x00042f         0x16 build/XC16_24FJ128GC006/debug/system.o
 .debug_str       0x000445          0xc build/XC16_24FJ128GC006/debug/traps.o
 .debug_str       0x000451         0xaa build/XC16_24FJ128GC006/debug/ADC_pipeline.o
 .debug_str       0x0004fb        0x19f build/XC16_24FJ128GC006/debug/user.o
 .debug_str       0x00069a         0xbd build/XC16_24FJ128GC006/debug/interrupts.o
 .debug_str       0x000757         0x6c build/XC16_24FJ128GC006/debug/lea6t.o
 .debug_str       0x0007c3         0x19 build/XC16_24FJ128GC006/debug/tinysh.o
 .debug_str       0x0007dc         0x3d build/XC16_24FJ128GC006/debug/commands.o
 .debug_str       0x000819         0x13 build/XC16_24FJ128GC006/debug/xprintf.o
 .debug_str       0x00082c         0x32 build/XC16_24FJ128GC006/debug/rtc.o

.debug_loc
 *(.debug_loc)

.debug_macinfo
 *(.debug_macinfo)

.debug_pubnames
                  0x000000        0xc94
 *(.debug_pubnames)
 .debug_pubnames
                  0x000000         0x73 build/XC16_24FJ128GC006/debug/USB/usb_descriptors.o
 .debug_pubnames
                  0x000073        0x33a build/XC16_24FJ128GC006/debug/USB/usb_device.o
 .debug_pubnames
                  0x0003ad        0x1b2 build/XC16_24FJ128GC006/debug/USB/usb_device_cdc.o
 .debug_pubnames
                  0x00055f        0x121 build/XC16_24FJ128GC006/debug/USB/usb_my.o
 .debug_pubnames
                  0x000680         0x1b build/XC16_24FJ128GC006/debug/main.o
 .debug_pubnames
                  0x00069b         0x2a build/XC16_24FJ128GC006/debug/system.o
 .debug_pubnames
                  0x0006c5         0xbe build/XC16_24FJ128GC006/debug/traps.o
 .debug_pubnames
                  0x000783         0xbe build/XC16_24FJ128GC006/debug/ADC_pipeline.o
 .debug_pubnames
                  0x000841         0xa6 build/XC16_24FJ128GC006/debug/user.o
 .debug_pubnames
                  0x0008e7         0x6f build/XC16_24FJ128GC006/debug/interrupts.o
 .debug_pubnames
                  0x000956        0x109 build/XC16_24FJ128GC006/debug/lea6t.o
 .debug_pubnames
                  0x000a5f         0x8f build/XC16_24FJ128GC006/debug/tinysh.o
 .debug_pubnames
                  0x000aee         0x8b build/XC16_24FJ128GC006/debug/commands.o
 .debug_pubnames
                  0x000b79         0x9e build/XC16_24FJ128GC006/debug/xprintf.o
 .debug_pubnames
                  0x000c17         0x7d build/XC16_24FJ128GC006/debug/rtc.o

.debug_ranges
 *(.debug_ranges)

.debug_aranges    0x000000        0x150
 *(.debug_aranges)
 .debug_aranges
                  0x000000         0x18 build/XC16_24FJ128GC006/debug/USB/usb_device.o
 .debug_aranges
                  0x000018         0x18 build/XC16_24FJ128GC006/debug/USB/usb_device_cdc.o
 .debug_aranges
                  0x000030         0x18 build/XC16_24FJ128GC006/debug/USB/usb_my.o
 .debug_aranges
                  0x000048         0x18 build/XC16_24FJ128GC006/debug/main.o
 .debug_aranges
                  0x000060         0x18 build/XC16_24FJ128GC006/debug/system.o
 .debug_aranges
                  0x000078         0x18 build/XC16_24FJ128GC006/debug/traps.o
 .debug_aranges
                  0x000090         0x18 build/XC16_24FJ128GC006/debug/ADC_pipeline.o
 .debug_aranges
                  0x0000a8         0x18 build/XC16_24FJ128GC006/debug/user.o
 .debug_aranges
                  0x0000c0         0x18 build/XC16_24FJ128GC006/debug/interrupts.o
 .debug_aranges
                  0x0000d8         0x18 build/XC16_24FJ128GC006/debug/lea6t.o
 .debug_aranges
                  0x0000f0         0x18 build/XC16_24FJ128GC006/debug/tinysh.o
 .debug_aranges
                  0x000108         0x18 build/XC16_24FJ128GC006/debug/commands.o
 .debug_aranges
                  0x000120         0x18 build/XC16_24FJ128GC006/debug/xprintf.o
 .debug_aranges
                  0x000138         0x18 build/XC16_24FJ128GC006/debug/rtc.o

.ivt              0x000004         0xfc
                  0x000004          0x4 LONG 0x312 DEFINED (__ReservedTrap0)?ABSOLUTE (__ReservedTrap0):ABSOLUTE (__DefaultInterrupt)
                  0x000006          0x4 LONG 0x2e2 DEFINED (__OscillatorFail)?ABSOLUTE (__OscillatorFail):ABSOLUTE (__DefaultInterrupt)
                  0x000008          0x4 LONG 0x2e8 DEFINED (__AddressError)?ABSOLUTE (__AddressError):ABSOLUTE (__DefaultInterrupt)
                  0x00000a          0x4 LONG 0x2ee DEFINED (__StackError)?ABSOLUTE (__StackError):ABSOLUTE (__DefaultInterrupt)
                  0x00000c          0x4 LONG 0x2f4 DEFINED (__MathError)?ABSOLUTE (__MathError):ABSOLUTE (__DefaultInterrupt)
                  0x00000e          0x4 LONG 0x312 DEFINED (__ReservedTrap5)?ABSOLUTE (__ReservedTrap5):ABSOLUTE (__DefaultInterrupt)
                  0x000010          0x4 LONG 0x312 DEFINED (__ReservedTrap6)?ABSOLUTE (__ReservedTrap6):ABSOLUTE (__DefaultInterrupt)
                  0x000012          0x4 LONG 0x312 DEFINED (__ReservedTrap7)?ABSOLUTE (__ReservedTrap7):ABSOLUTE (__DefaultInterrupt)
                  0x000014          0x4 LONG 0x312 DEFINED (__INT0Interrupt)?ABSOLUTE (__INT0Interrupt):ABSOLUTE (__DefaultInterrupt)
                  0x000016          0x4 LONG 0x416 DEFINED (__IC1Interrupt)?ABSOLUTE (__IC1Interrupt):ABSOLUTE (__DefaultInterrupt)
                  0x000018          0x4 LONG 0x316 DEFINED (__OC1Interrupt)?ABSOLUTE (__OC1Interrupt):ABSOLUTE (__DefaultInterrupt)
                  0x00001a          0x4 LONG 0x312 DEFINED (__T1Interrupt)?ABSOLUTE (__T1Interrupt):ABSOLUTE (__DefaultInterrupt)
                  0x00001c          0x4 LONG 0x356 DEFINED (__DMA0Interrupt)?ABSOLUTE (__DMA0Interrupt):ABSOLUTE (__DefaultInterrupt)
                  0x00001e          0x4 LONG 0x312 DEFINED (__IC2Interrupt)?ABSOLUTE (__IC2Interrupt):ABSOLUTE (__DefaultInterrupt)
                  0x000020          0x4 LONG 0x312 DEFINED (__OC2Interrupt)?ABSOLUTE (__OC2Interrupt):ABSOLUTE (__DefaultInterrupt)
                  0x000022          0x4 LONG 0x312 DEFINED (__T2Interrupt)?ABSOLUTE (__T2Interrupt):ABSOLUTE (__DefaultInterrupt)
                  0x000024          0x4 LONG 0x312 DEFINED (__T3Interrupt)?ABSOLUTE (__T3Interrupt):ABSOLUTE (__DefaultInterrupt)
                  0x000026          0x4 LONG 0x312 DEFINED (__SPI1ErrInterrupt)?ABSOLUTE (__SPI1ErrInterrupt):ABSOLUTE (__DefaultInterrupt)
                  0x000028          0x4 LONG 0x312 DEFINED (__SPI1Interrupt)?ABSOLUTE (__SPI1Interrupt):ABSOLUTE (__DefaultInterrupt)
                  0x00002a          0x4 LONG 0x312 DEFINED (__U1RXInterrupt)?ABSOLUTE (__U1RXInterrupt):ABSOLUTE (__DefaultInterrupt)
                  0x00002c          0x4 LONG 0x312 DEFINED (__U1TXInterrupt)?ABSOLUTE (__U1TXInterrupt):ABSOLUTE (__DefaultInterrupt)
                  0x00002e          0x4 LONG 0x32a DEFINED (__ADC1Interrupt)?ABSOLUTE (__ADC1Interrupt):ABSOLUTE (__DefaultInterrupt)
                  0x000030          0x4 LONG 0x3b6 DEFINED (__DMA1Interrupt)?ABSOLUTE (__DMA1Interrupt):ABSOLUTE (__DefaultInterrupt)
                  0x000032          0x4 LONG 0x312 DEFINED (__Interrupt15)?ABSOLUTE (__Interrupt15):ABSOLUTE (__DefaultInterrupt)
                  0x000034          0x4 LONG 0x312 DEFINED (__SI2C1Interrupt)?ABSOLUTE (__SI2C1Interrupt):ABSOLUTE (__DefaultInterrupt)
                  0x000036          0x4 LONG 0x312 DEFINED (__MI2C1Interrupt)?ABSOLUTE (__MI2C1Interrupt):ABSOLUTE (__DefaultInterrupt)
                  0x000038          0x4 LONG 0x312 DEFINED (__CompInterrupt)?ABSOLUTE (__CompInterrupt):ABSOLUTE (__DefaultInterrupt)
                  0x00003a          0x4 LONG 0x312 DEFINED (__CNInterrupt)?ABSOLUTE (__CNInterrupt):ABSOLUTE (__DefaultInterrupt)
                  0x00003c          0x4 LONG 0x312 DEFINED (__INT1Interrupt)?ABSOLUTE (__INT1Interrupt):ABSOLUTE (__DefaultInterrupt)
                  0x00003e          0x4 LONG 0x312 DEFINED (__Interrupt21)?ABSOLUTE (__Interrupt21):ABSOLUTE (__DefaultInterrupt)
                  0x000040          0x4 LONG 0x312 DEFINED (__IC7Interrupt)?ABSOLUTE (__IC7Interrupt):ABSOLUTE (__DefaultInterrupt)
                  0x000042          0x4 LONG 0x312 DEFINED (__IC8Interrupt)?ABSOLUTE (__IC8Interrupt):ABSOLUTE (__DefaultInterrupt)
                  0x000044          0x4 LONG 0x312 DEFINED (__DMA2Interrupt)?ABSOLUTE (__DMA2Interrupt):ABSOLUTE (__DefaultInterrupt)
                  0x000046          0x4 LONG 0x312 DEFINED (__OC3Interrupt)?ABSOLUTE (__OC3Interrupt):ABSOLUTE (__DefaultInterrupt)
                  0x000048          0x4 LONG 0x312 DEFINED (__OC4Interrupt)?ABSOLUTE (__OC4Interrupt):ABSOLUTE (__DefaultInterrupt)
                  0x00004a          0x4 LONG 0x312 DEFINED (__T4Interrupt)?ABSOLUTE (__T4Interrupt):ABSOLUTE (__DefaultInterrupt)
                  0x00004c          0x4 LONG 0x312 DEFINED (__T5Interrupt)?ABSOLUTE (__T5Interrupt):ABSOLUTE (__DefaultInterrupt)
                  0x00004e          0x4 LONG 0x312 DEFINED (__INT2Interrupt)?ABSOLUTE (__INT2Interrupt):ABSOLUTE (__DefaultInterrupt)
                  0x000050          0x4 LONG 0x312 DEFINED (__U2RXInterrupt)?ABSOLUTE (__U2RXInterrupt):ABSOLUTE (__DefaultInterrupt)
                  0x000052          0x4 LONG 0x312 DEFINED (__U2TXInterrupt)?ABSOLUTE (__U2TXInterrupt):ABSOLUTE (__DefaultInterrupt)
                  0x000054          0x4 LONG 0x312 DEFINED (__SPI2ErrInterrupt)?ABSOLUTE (__SPI2ErrInterrupt):ABSOLUTE (__DefaultInterrupt)
                  0x000056          0x4 LONG 0x312 DEFINED (__SPI2Interrupt)?ABSOLUTE (__SPI2Interrupt):ABSOLUTE (__DefaultInterrupt)
                  0x000058          0x4 LONG 0x312 DEFINED (__Interrupt34)?ABSOLUTE (__Interrupt34):ABSOLUTE (__DefaultInterrupt)
                  0x00005a          0x4 LONG 0x312 DEFINED (__Interrupt35)?ABSOLUTE (__Interrupt35):ABSOLUTE (__DefaultInterrupt)
                  0x00005c          0x4 LONG 0x312 DEFINED (__DMA3Interrupt)?ABSOLUTE (__DMA3Interrupt):ABSOLUTE (__DefaultInterrupt)
                  0x00005e          0x4 LONG 0x312 DEFINED (__IC3Interrupt)?ABSOLUTE (__IC3Interrupt):ABSOLUTE (__DefaultInterrupt)
                  0x000060          0x4 LONG 0x312 DEFINED (__IC4Interrupt)?ABSOLUTE (__IC4Interrupt):ABSOLUTE (__DefaultInterrupt)
                  0x000062          0x4 LONG 0x312 DEFINED (__IC5Interrupt)?ABSOLUTE (__IC5Interrupt):ABSOLUTE (__DefaultInterrupt)
                  0x000064          0x4 LONG 0x312 DEFINED (__IC6Interrupt)?ABSOLUTE (__IC6Interrupt):ABSOLUTE (__DefaultInterrupt)
                  0x000066          0x4 LONG 0x312 DEFINED (__OC5Interrupt)?ABSOLUTE (__OC5Interrupt):ABSOLUTE (__DefaultInterrupt)
                  0x000068          0x4 LONG 0x312 DEFINED (__OC6Interrupt)?ABSOLUTE (__OC6Interrupt):ABSOLUTE (__DefaultInterrupt)
                  0x00006a          0x4 LONG 0x312 DEFINED (__OC7Interrupt)?ABSOLUTE (__OC7Interrupt):ABSOLUTE (__DefaultInterrupt)
                  0x00006c          0x4 LONG 0x312 DEFINED (__OC8Interrupt)?ABSOLUTE (__OC8Interrupt):ABSOLUTE (__DefaultInterrupt)
                  0x00006e          0x4 LONG 0x312 DEFINED (__PMPInterrupt)?ABSOLUTE (__PMPInterrupt):ABSOLUTE (__DefaultInterrupt)
                  0x000070          0x4 LONG 0x312 DEFINED (__DMA4Interrupt)?ABSOLUTE (__DMA4Interrupt):ABSOLUTE (__DefaultInterrupt)
                  0x000072          0x4 LONG 0x312 DEFINED (__Interrupt47)?ABSOLUTE (__Interrupt47):ABSOLUTE (__DefaultInterrupt)
                  0x000074          0x4 LONG 0x312 DEFINED (__Interrupt48)?ABSOLUTE (__Interrupt48):ABSOLUTE (__DefaultInterrupt)
                  0x000076          0x4 LONG 0x312 DEFINED (__SI2C2Interrupt)?ABSOLUTE (__SI2C2Interrupt):ABSOLUTE (__DefaultInterrupt)
                  0x000078          0x4 LONG 0x312 DEFINED (__MI2C2Interrupt)?ABSOLUTE (__MI2C2Interrupt):ABSOLUTE (__DefaultInterrupt)
                  0x00007a          0x4 LONG 0x312 DEFINED (__Interrupt51)?ABSOLUTE (__Interrupt51):ABSOLUTE (__DefaultInterrupt)
                  0x00007c          0x4 LONG 0x312 DEFINED (__Interrupt52)?ABSOLUTE (__Interrupt52):ABSOLUTE (__DefaultInterrupt)
                  0x00007e          0x4 LONG 0x312 DEFINED (__INT3Interrupt)?ABSOLUTE (__INT3Interrupt):ABSOLUTE (__DefaultInterrupt)
                  0x000080          0x4 LONG 0x312 DEFINED (__INT4Interrupt)?ABSOLUTE (__INT4Interrupt):ABSOLUTE (__DefaultInterrupt)
                  0x000082          0x4 LONG 0x312 DEFINED (__Interrupt55)?ABSOLUTE (__Interrupt55):ABSOLUTE (__DefaultInterrupt)
                  0x000084          0x4 LONG 0x312 DEFINED (__Interrupt56)?ABSOLUTE (__Interrupt56):ABSOLUTE (__DefaultInterrupt)
                  0x000086          0x4 LONG 0x312 DEFINED (__Interrupt57)?ABSOLUTE (__Interrupt57):ABSOLUTE (__DefaultInterrupt)
                  0x000088          0x4 LONG 0x312 DEFINED (__Interrupt58)?ABSOLUTE (__Interrupt58):ABSOLUTE (__DefaultInterrupt)
                  0x00008a          0x4 LONG 0x312 DEFINED (__Interrupt59)?ABSOLUTE (__Interrupt59):ABSOLUTE (__DefaultInterrupt)
                  0x00008c          0x4 LONG 0x312 DEFINED (__Interrupt60)?ABSOLUTE (__Interrupt60):ABSOLUTE (__DefaultInterrupt)
                  0x00008e          0x4 LONG 0x312 DEFINED (__DMA5Interrupt)?ABSOLUTE (__DMA5Interrupt):ABSOLUTE (__DefaultInterrupt)
                  0x000090          0x4 LONG 0x312 DEFINED (__RTCCInterrupt)?ABSOLUTE (__RTCCInterrupt):ABSOLUTE (__DefaultInterrupt)
                  0x000092          0x4 LONG 0x312 DEFINED (__Interrupt63)?ABSOLUTE (__Interrupt63):ABSOLUTE (__DefaultInterrupt)
                  0x000094          0x4 LONG 0x312 DEFINED (__Interrupt64)?ABSOLUTE (__Interrupt64):ABSOLUTE (__DefaultInterrupt)
                  0x000096          0x4 LONG 0x312 DEFINED (__U1ErrInterrupt)?ABSOLUTE (__U1ErrInterrupt):ABSOLUTE (__DefaultInterrupt)
                  0x000098          0x4 LONG 0x312 DEFINED (__U2ErrInterrupt)?ABSOLUTE (__U2ErrInterrupt):ABSOLUTE (__DefaultInterrupt)
                  0x00009a          0x4 LONG 0x312 DEFINED (__CRCInterrupt)?ABSOLUTE (__CRCInterrupt):ABSOLUTE (__DefaultInterrupt)
                  0x00009c          0x4 LONG 0x312 DEFINED (__Interrupt68)?ABSOLUTE (__Interrupt68):ABSOLUTE (__DefaultInterrupt)
                  0x00009e          0x4 LONG 0x312 DEFINED (__Interrupt69)?ABSOLUTE (__Interrupt69):ABSOLUTE (__DefaultInterrupt)
                  0x0000a0          0x4 LONG 0x312 DEFINED (__Interrupt70)?ABSOLUTE (__Interrupt70):ABSOLUTE (__DefaultInterrupt)
                  0x0000a2          0x4 LONG 0x312 DEFINED (__Interrupt71)?ABSOLUTE (__Interrupt71):ABSOLUTE (__DefaultInterrupt)
                  0x0000a4          0x4 LONG 0x312 DEFINED (__LVDInterrupt)?ABSOLUTE (__LVDInterrupt):ABSOLUTE (__DefaultInterrupt)
                  0x0000a6          0x4 LONG 0x312 DEFINED (__Interrupt73)?ABSOLUTE (__Interrupt73):ABSOLUTE (__DefaultInterrupt)
                  0x0000a8          0x4 LONG 0x312 DEFINED (__Interrupt74)?ABSOLUTE (__Interrupt74):ABSOLUTE (__DefaultInterrupt)
                  0x0000aa          0x4 LONG 0x312 DEFINED (__Interrupt75)?ABSOLUTE (__Interrupt75):ABSOLUTE (__DefaultInterrupt)
                  0x0000ac          0x4 LONG 0x312 DEFINED (__Interrupt76)?ABSOLUTE (__Interrupt76):ABSOLUTE (__DefaultInterrupt)
                  0x0000ae          0x4 LONG 0x312 DEFINED (__CTMUInterrupt)?ABSOLUTE (__CTMUInterrupt):ABSOLUTE (__DefaultInterrupt)
                  0x0000b0          0x4 LONG 0x312 DEFINED (__DAC1Interrupt)?ABSOLUTE (__DAC1Interrupt):ABSOLUTE (__DefaultInterrupt)
                  0x0000b2          0x4 LONG 0x312 DEFINED (__DAC2Interrupt)?ABSOLUTE (__DAC2Interrupt):ABSOLUTE (__DefaultInterrupt)
                  0x0000b4          0x4 LONG 0x312 DEFINED (__Interrupt80)?ABSOLUTE (__Interrupt80):ABSOLUTE (__DefaultInterrupt)
                  0x0000b6          0x4 LONG 0x312 DEFINED (__U3ErrInterrupt)?ABSOLUTE (__U3ErrInterrupt):ABSOLUTE (__DefaultInterrupt)
                  0x0000b8          0x4 LONG 0x312 DEFINED (__U3RXInterrupt)?ABSOLUTE (__U3RXInterrupt):ABSOLUTE (__DefaultInterrupt)
                  0x0000ba          0x4 LONG 0x312 DEFINED (__U3TXInterrupt)?ABSOLUTE (__U3TXInterrupt):ABSOLUTE (__DefaultInterrupt)
                  0x0000bc          0x4 LONG 0x312 DEFINED (__Interrupt84)?ABSOLUTE (__Interrupt84):ABSOLUTE (__DefaultInterrupt)
                  0x0000be          0x4 LONG 0x312 DEFINED (__Interrupt85)?ABSOLUTE (__Interrupt85):ABSOLUTE (__DefaultInterrupt)
                  0x0000c0          0x4 LONG 0xd0e DEFINED (__USB1Interrupt)?ABSOLUTE (__USB1Interrupt):ABSOLUTE (__DefaultInterrupt)
                  0x0000c2          0x4 LONG 0x312 DEFINED (__U4ErrInterrupt)?ABSOLUTE (__U4ErrInterrupt):ABSOLUTE (__DefaultInterrupt)
                  0x0000c4          0x4 LONG 0x312 DEFINED (__U4RXInterrupt)?ABSOLUTE (__U4RXInterrupt):ABSOLUTE (__DefaultInterrupt)
                  0x0000c6          0x4 LONG 0x312 DEFINED (__U4TXInterrupt)?ABSOLUTE (__U4TXInterrupt):ABSOLUTE (__DefaultInterrupt)
                  0x0000c8          0x4 LONG 0x312 DEFINED (__Interrupt90)?ABSOLUTE (__Interrupt90):ABSOLUTE (__DefaultInterrupt)
                  0x0000ca          0x4 LONG 0x312 DEFINED (__Interrupt91)?ABSOLUTE (__Interrupt91):ABSOLUTE (__DefaultInterrupt)
                  0x0000cc          0x4 LONG 0x312 DEFINED (__OC9Interrupt)?ABSOLUTE (__OC9Interrupt):ABSOLUTE (__DefaultInterrupt)
                  0x0000ce          0x4 LONG 0x312 DEFINED (__IC9Interrupt)?ABSOLUTE (__IC9Interrupt):ABSOLUTE (__DefaultInterrupt)
                  0x0000d0          0x4 LONG 0x312 DEFINED (__Interrupt94)?ABSOLUTE (__Interrupt94):ABSOLUTE (__DefaultInterrupt)
                  0x0000d2          0x4 LONG 0x312 DEFINED (__Interrupt95)?ABSOLUTE (__Interrupt95):ABSOLUTE (__DefaultInterrupt)
                  0x0000d4          0x4 LONG 0x312 DEFINED (__Interrupt96)?ABSOLUTE (__Interrupt96):ABSOLUTE (__DefaultInterrupt)
                  0x0000d6          0x4 LONG 0x312 DEFINED (__Interrupt97)?ABSOLUTE (__Interrupt97):ABSOLUTE (__DefaultInterrupt)
                  0x0000d8          0x4 LONG 0x312 DEFINED (__Interrupt98)?ABSOLUTE (__Interrupt98):ABSOLUTE (__DefaultInterrupt)
                  0x0000da          0x4 LONG 0x312 DEFINED (__Interrupt99)?ABSOLUTE (__Interrupt99):ABSOLUTE (__DefaultInterrupt)
                  0x0000dc          0x4 LONG 0x312 DEFINED (__LCDInterrupt)?ABSOLUTE (__LCDInterrupt):ABSOLUTE (__DefaultInterrupt)
                  0x0000de          0x4 LONG 0x312 DEFINED (__Interrupt101)?ABSOLUTE (__Interrupt101):ABSOLUTE (__DefaultInterrupt)
                  0x0000e0          0x4 LONG 0x312 DEFINED (__Interrupt102)?ABSOLUTE (__Interrupt102):ABSOLUTE (__DefaultInterrupt)
                  0x0000e2          0x4 LONG 0x312 DEFINED (__AMP1Interrupt)?ABSOLUTE (__AMP1Interrupt):ABSOLUTE (__DefaultInterrupt)
                  0x0000e4          0x4 LONG 0x312 DEFINED (__AMP2Interrupt)?ABSOLUTE (__AMP2Interrupt):ABSOLUTE (__DefaultInterrupt)
                  0x0000e6          0x4 LONG 0x312 DEFINED (__SDA1Interrupt)?ABSOLUTE (__SDA1Interrupt):ABSOLUTE (__DefaultInterrupt)
                  0x0000e8          0x4 LONG 0x312 DEFINED (__FSTInterrupt)?ABSOLUTE (__FSTInterrupt):ABSOLUTE (__DefaultInterrupt)
                  0x0000ea          0x4 LONG 0x312 DEFINED (__Interrupt107)?ABSOLUTE (__Interrupt107):ABSOLUTE (__DefaultInterrupt)
                  0x0000ec          0x4 LONG 0x312 DEFINED (__Interrupt108)?ABSOLUTE (__Interrupt108):ABSOLUTE (__DefaultInterrupt)
                  0x0000ee          0x4 LONG 0x312 DEFINED (__Interrupt109)?ABSOLUTE (__Interrupt109):ABSOLUTE (__DefaultInterrupt)
                  0x0000f0          0x4 LONG 0x312 DEFINED (__Interrupt110)?ABSOLUTE (__Interrupt110):ABSOLUTE (__DefaultInterrupt)
                  0x0000f2          0x4 LONG 0x312 DEFINED (__Interrupt111)?ABSOLUTE (__Interrupt111):ABSOLUTE (__DefaultInterrupt)
                  0x0000f4          0x4 LONG 0x312 DEFINED (__Interrupt112)?ABSOLUTE (__Interrupt112):ABSOLUTE (__DefaultInterrupt)
                  0x0000f6          0x4 LONG 0x312 DEFINED (__Interrupt113)?ABSOLUTE (__Interrupt113):ABSOLUTE (__DefaultInterrupt)
                  0x0000f8          0x4 LONG 0x312 DEFINED (__Interrupt114)?ABSOLUTE (__Interrupt114):ABSOLUTE (__DefaultInterrupt)
                  0x0000fa          0x4 LONG 0x312 DEFINED (__Interrupt115)?ABSOLUTE (__Interrupt115):ABSOLUTE (__DefaultInterrupt)
                  0x0000fc          0x4 LONG 0x312 DEFINED (__Interrupt116)?ABSOLUTE (__Interrupt116):ABSOLUTE (__DefaultInterrupt)
                  0x0000fe          0x4 LONG 0x312 DEFINED (__JTAGInterrupt)?ABSOLUTE (__JTAGInterrupt):ABSOLUTE (__DefaultInterrupt)

.aivt             0x000104         0xfc
                  0x000104          0x4 LONG 0x312 DEFINED (__AltReservedTrap0)?ABSOLUTE (__AltReservedTrap0):DEFINED (__ReservedTrap0)?ABSOLUTE (__ReservedTrap0):ABSOLUTE (__DefaultInterrupt)
                  0x000106          0x4 LONG 0x2fa DEFINED (__AltOscillatorFail)?ABSOLUTE (__AltOscillatorFail):DEFINED (__OscillatorFail)?ABSOLUTE (__OscillatorFail):ABSOLUTE (__DefaultInterrupt)
                  0x000108          0x4 LONG 0x300 DEFINED (__AltAddressError)?ABSOLUTE (__AltAddressError):DEFINED (__AddressError)?ABSOLUTE (__AddressError):ABSOLUTE (__DefaultInterrupt)
                  0x00010a          0x4 LONG 0x306 DEFINED (__AltStackError)?ABSOLUTE (__AltStackError):DEFINED (__StackError)?ABSOLUTE (__StackError):ABSOLUTE (__DefaultInterrupt)
                  0x00010c          0x4 LONG 0x30c DEFINED (__AltMathError)?ABSOLUTE (__AltMathError):DEFINED (__MathError)?ABSOLUTE (__MathError):ABSOLUTE (__DefaultInterrupt)
                  0x00010e          0x4 LONG 0x312 DEFINED (__AltReservedTrap5)?ABSOLUTE (__AltReservedTrap5):DEFINED (__ReservedTrap5)?ABSOLUTE (__ReservedTrap5):ABSOLUTE (__DefaultInterrupt)
                  0x000110          0x4 LONG 0x312 DEFINED (__AltReservedTrap6)?ABSOLUTE (__AltReservedTrap6):DEFINED (__ReservedTrap6)?ABSOLUTE (__ReservedTrap6):ABSOLUTE (__DefaultInterrupt)
                  0x000112          0x4 LONG 0x312 DEFINED (__AltReservedTrap7)?ABSOLUTE (__AltReservedTrap7):DEFINED (__ReservedTrap7)?ABSOLUTE (__ReservedTrap7):ABSOLUTE (__DefaultInterrupt)
                  0x000114          0x4 LONG 0x312 DEFINED (__AltINT0Interrupt)?ABSOLUTE (__AltINT0Interrupt):DEFINED (__INT0Interrupt)?ABSOLUTE (__INT0Interrupt):ABSOLUTE (__DefaultInterrupt)
                  0x000116          0x4 LONG 0x416 DEFINED (__AltIC1Interrupt)?ABSOLUTE (__AltIC1Interrupt):DEFINED (__IC1Interrupt)?ABSOLUTE (__IC1Interrupt):ABSOLUTE (__DefaultInterrupt)
                  0x000118          0x4 LONG 0x316 DEFINED (__AltOC1Interrupt)?ABSOLUTE (__AltOC1Interrupt):DEFINED (__OC1Interrupt)?ABSOLUTE (__OC1Interrupt):ABSOLUTE (__DefaultInterrupt)
                  0x00011a          0x4 LONG 0x312 DEFINED (__AltT1Interrupt)?ABSOLUTE (__AltT1Interrupt):DEFINED (__T1Interrupt)?ABSOLUTE (__T1Interrupt):ABSOLUTE (__DefaultInterrupt)
                  0x00011c          0x4 LONG 0x356 DEFINED (__AltDMA0Interrupt)?ABSOLUTE (__AltDMA0Interrupt):DEFINED (__DMA0Interrupt)?ABSOLUTE (__DMA0Interrupt):ABSOLUTE (__DefaultInterrupt)
                  0x00011e          0x4 LONG 0x312 DEFINED (__AltIC2Interrupt)?ABSOLUTE (__AltIC2Interrupt):DEFINED (__IC2Interrupt)?ABSOLUTE (__IC2Interrupt):ABSOLUTE (__DefaultInterrupt)
                  0x000120          0x4 LONG 0x312 DEFINED (__AltOC2Interrupt)?ABSOLUTE (__AltOC2Interrupt):DEFINED (__OC2Interrupt)?ABSOLUTE (__OC2Interrupt):ABSOLUTE (__DefaultInterrupt)
                  0x000122          0x4 LONG 0x312 DEFINED (__AltT2Interrupt)?ABSOLUTE (__AltT2Interrupt):DEFINED (__T2Interrupt)?ABSOLUTE (__T2Interrupt):ABSOLUTE (__DefaultInterrupt)
                  0x000124          0x4 LONG 0x312 DEFINED (__AltT3Interrupt)?ABSOLUTE (__AltT3Interrupt):DEFINED (__T3Interrupt)?ABSOLUTE (__T3Interrupt):ABSOLUTE (__DefaultInterrupt)
                  0x000126          0x4 LONG 0x312 DEFINED (__AltSPI1ErrInterrupt)?ABSOLUTE (__AltSPI1ErrInterrupt):DEFINED (__SPI1ErrInterrupt)?ABSOLUTE (__SPI1ErrInterrupt):ABSOLUTE (__DefaultInterrupt)
                  0x000128          0x4 LONG 0x312 DEFINED (__AltSPI1Interrupt)?ABSOLUTE (__AltSPI1Interrupt):DEFINED (__SPI1Interrupt)?ABSOLUTE (__SPI1Interrupt):ABSOLUTE (__DefaultInterrupt)
                  0x00012a          0x4 LONG 0x312 DEFINED (__AltU1RXInterrupt)?ABSOLUTE (__AltU1RXInterrupt):DEFINED (__U1RXInterrupt)?ABSOLUTE (__U1RXInterrupt):ABSOLUTE (__DefaultInterrupt)
                  0x00012c          0x4 LONG 0x312 DEFINED (__AltU1TXInterrupt)?ABSOLUTE (__AltU1TXInterrupt):DEFINED (__U1TXInterrupt)?ABSOLUTE (__U1TXInterrupt):ABSOLUTE (__DefaultInterrupt)
                  0x00012e          0x4 LONG 0x32a DEFINED (__AltADC1Interrupt)?ABSOLUTE (__AltADC1Interrupt):DEFINED (__ADC1Interrupt)?ABSOLUTE (__ADC1Interrupt):ABSOLUTE (__DefaultInterrupt)
                  0x000130          0x4 LONG 0x3b6 DEFINED (__AltDMA1Interrupt)?ABSOLUTE (__AltDMA1Interrupt):DEFINED (__DMA1Interrupt)?ABSOLUTE (__DMA1Interrupt):ABSOLUTE (__DefaultInterrupt)
                  0x000132          0x4 LONG 0x312 DEFINED (__AltInterrupt15)?ABSOLUTE (__AltInterrupt15):DEFINED (__Interrupt15)?ABSOLUTE (__Interrupt15):ABSOLUTE (__DefaultInterrupt)
                  0x000134          0x4 LONG 0x312 DEFINED (__AltSI2C1Interrupt)?ABSOLUTE (__AltSI2C1Interrupt):DEFINED (__SI2C1Interrupt)?ABSOLUTE (__SI2C1Interrupt):ABSOLUTE (__DefaultInterrupt)
                  0x000136          0x4 LONG 0x312 DEFINED (__AltMI2C1Interrupt)?ABSOLUTE (__AltMI2C1Interrupt):DEFINED (__MI2C1Interrupt)?ABSOLUTE (__MI2C1Interrupt):ABSOLUTE (__DefaultInterrupt)
                  0x000138          0x4 LONG 0x312 DEFINED (__AltCompInterrupt)?ABSOLUTE (__AltCompInterrupt):DEFINED (__CompInterrupt)?ABSOLUTE (__CompInterrupt):ABSOLUTE (__DefaultInterrupt)
                  0x00013a          0x4 LONG 0x312 DEFINED (__AltCNInterrupt)?ABSOLUTE (__AltCNInterrupt):DEFINED (__CNInterrupt)?ABSOLUTE (__CNInterrupt):ABSOLUTE (__DefaultInterrupt)
                  0x00013c          0x4 LONG 0x312 DEFINED (__AltINT1Interrupt)?ABSOLUTE (__AltINT1Interrupt):DEFINED (__INT1Interrupt)?ABSOLUTE (__INT1Interrupt):ABSOLUTE (__DefaultInterrupt)
                  0x00013e          0x4 LONG 0x312 DEFINED (__AltInterrupt21)?ABSOLUTE (__AltInterrupt21):DEFINED (__Interrupt21)?ABSOLUTE (__Interrupt21):ABSOLUTE (__DefaultInterrupt)
                  0x000140          0x4 LONG 0x312 DEFINED (__AltIC7Interrupt)?ABSOLUTE (__AltIC7Interrupt):DEFINED (__IC7Interrupt)?ABSOLUTE (__IC7Interrupt):ABSOLUTE (__DefaultInterrupt)
                  0x000142          0x4 LONG 0x312 DEFINED (__AltIC8Interrupt)?ABSOLUTE (__AltIC8Interrupt):DEFINED (__IC8Interrupt)?ABSOLUTE (__IC8Interrupt):ABSOLUTE (__DefaultInterrupt)
                  0x000144          0x4 LONG 0x312 DEFINED (__AltDMA2Interrupt)?ABSOLUTE (__AltDMA2Interrupt):DEFINED (__DMA2Interrupt)?ABSOLUTE (__DMA2Interrupt):ABSOLUTE (__DefaultInterrupt)
                  0x000146          0x4 LONG 0x312 DEFINED (__AltOC3Interrupt)?ABSOLUTE (__AltOC3Interrupt):DEFINED (__OC3Interrupt)?ABSOLUTE (__OC3Interrupt):ABSOLUTE (__DefaultInterrupt)
                  0x000148          0x4 LONG 0x312 DEFINED (__AltOC4Interrupt)?ABSOLUTE (__AltOC4Interrupt):DEFINED (__OC4Interrupt)?ABSOLUTE (__OC4Interrupt):ABSOLUTE (__DefaultInterrupt)
                  0x00014a          0x4 LONG 0x312 DEFINED (__AltT4Interrupt)?ABSOLUTE (__AltT4Interrupt):DEFINED (__T4Interrupt)?ABSOLUTE (__T4Interrupt):ABSOLUTE (__DefaultInterrupt)
                  0x00014c          0x4 LONG 0x312 DEFINED (__AltT5Interrupt)?ABSOLUTE (__AltT5Interrupt):DEFINED (__T5Interrupt)?ABSOLUTE (__T5Interrupt):ABSOLUTE (__DefaultInterrupt)
                  0x00014e          0x4 LONG 0x312 DEFINED (__AltINT2Interrupt)?ABSOLUTE (__AltINT2Interrupt):DEFINED (__INT2Interrupt)?ABSOLUTE (__INT2Interrupt):ABSOLUTE (__DefaultInterrupt)
                  0x000150          0x4 LONG 0x312 DEFINED (__AltU2RXInterrupt)?ABSOLUTE (__AltU2RXInterrupt):DEFINED (__U2RXInterrupt)?ABSOLUTE (__U2RXInterrupt):ABSOLUTE (__DefaultInterrupt)
                  0x000152          0x4 LONG 0x312 DEFINED (__AltU2TXInterrupt)?ABSOLUTE (__AltU2TXInterrupt):DEFINED (__U2TXInterrupt)?ABSOLUTE (__U2TXInterrupt):ABSOLUTE (__DefaultInterrupt)
                  0x000154          0x4 LONG 0x312 DEFINED (__AltSPI2ErrInterrupt)?ABSOLUTE (__AltSPI2ErrInterrupt):DEFINED (__SPI2ErrInterrupt)?ABSOLUTE (__SPI2ErrInterrupt):ABSOLUTE (__DefaultInterrupt)
                  0x000156          0x4 LONG 0x312 DEFINED (__AltSPI2Interrupt)?ABSOLUTE (__AltSPI2Interrupt):DEFINED (__SPI2Interrupt)?ABSOLUTE (__SPI2Interrupt):ABSOLUTE (__DefaultInterrupt)
                  0x000158          0x4 LONG 0x312 DEFINED (__AltInterrupt34)?ABSOLUTE (__AltInterrupt34):DEFINED (__Interrupt34)?ABSOLUTE (__Interrupt34):ABSOLUTE (__DefaultInterrupt)
                  0x00015a          0x4 LONG 0x312 DEFINED (__AltInterrupt35)?ABSOLUTE (__AltInterrupt35):DEFINED (__Interrupt35)?ABSOLUTE (__Interrupt35):ABSOLUTE (__DefaultInterrupt)
                  0x00015c          0x4 LONG 0x312 DEFINED (__AltDMA3Interrupt)?ABSOLUTE (__AltDMA3Interrupt):DEFINED (__DMA3Interrupt)?ABSOLUTE (__DMA3Interrupt):ABSOLUTE (__DefaultInterrupt)
                  0x00015e          0x4 LONG 0x312 DEFINED (__AltIC3Interrupt)?ABSOLUTE (__AltIC3Interrupt):DEFINED (__IC3Interrupt)?ABSOLUTE (__IC3Interrupt):ABSOLUTE (__DefaultInterrupt)
                  0x000160          0x4 LONG 0x312 DEFINED (__AltIC4Interrupt)?ABSOLUTE (__AltIC4Interrupt):DEFINED (__IC4Interrupt)?ABSOLUTE (__IC4Interrupt):ABSOLUTE (__DefaultInterrupt)
                  0x000162          0x4 LONG 0x312 DEFINED (__AltIC5Interrupt)?ABSOLUTE (__AltIC5Interrupt):DEFINED (__IC5Interrupt)?ABSOLUTE (__IC5Interrupt):ABSOLUTE (__DefaultInterrupt)
                  0x000164          0x4 LONG 0x312 DEFINED (__AltIC6Interrupt)?ABSOLUTE (__AltIC6Interrupt):DEFINED (__IC6Interrupt)?ABSOLUTE (__IC6Interrupt):ABSOLUTE (__DefaultInterrupt)
                  0x000166          0x4 LONG 0x312 DEFINED (__AltOC5Interrupt)?ABSOLUTE (__AltOC5Interrupt):DEFINED (__OC5Interrupt)?ABSOLUTE (__OC5Interrupt):ABSOLUTE (__DefaultInterrupt)
                  0x000168          0x4 LONG 0x312 DEFINED (__AltOC6Interrupt)?ABSOLUTE (__AltOC6Interrupt):DEFINED (__OC6Interrupt)?ABSOLUTE (__OC6Interrupt):ABSOLUTE (__DefaultInterrupt)
                  0x00016a          0x4 LONG 0x312 DEFINED (__AltOC7Interrupt)?ABSOLUTE (__AltOC7Interrupt):DEFINED (__OC7Interrupt)?ABSOLUTE (__OC7Interrupt):ABSOLUTE (__DefaultInterrupt)
                  0x00016c          0x4 LONG 0x312 DEFINED (__AltOC8Interrupt)?ABSOLUTE (__AltOC8Interrupt):DEFINED (__OC8Interrupt)?ABSOLUTE (__OC8Interrupt):ABSOLUTE (__DefaultInterrupt)
                  0x00016e          0x4 LONG 0x312 DEFINED (__AltPMPInterrupt)?ABSOLUTE (__AltPMPInterrupt):DEFINED (__PMPInterrupt)?ABSOLUTE (__PMPInterrupt):ABSOLUTE (__DefaultInterrupt)
                  0x000170          0x4 LONG 0x312 DEFINED (__AltDMA4Interrupt)?ABSOLUTE (__AltDMA4Interrupt):DEFINED (__DMA4Interrupt)?ABSOLUTE (__DMA4Interrupt):ABSOLUTE (__DefaultInterrupt)
                  0x000172          0x4 LONG 0x312 DEFINED (__AltInterrupt47)?ABSOLUTE (__AltInterrupt47):DEFINED (__Interrupt47)?ABSOLUTE (__Interrupt47):ABSOLUTE (__DefaultInterrupt)
                  0x000174          0x4 LONG 0x312 DEFINED (__AltInterrupt48)?ABSOLUTE (__AltInterrupt48):DEFINED (__Interrupt48)?ABSOLUTE (__Interrupt48):ABSOLUTE (__DefaultInterrupt)
                  0x000176          0x4 LONG 0x312 DEFINED (__AltSI2C2Interrupt)?ABSOLUTE (__AltSI2C2Interrupt):DEFINED (__SI2C2Interrupt)?ABSOLUTE (__SI2C2Interrupt):ABSOLUTE (__DefaultInterrupt)
                  0x000178          0x4 LONG 0x312 DEFINED (__AltMI2C2Interrupt)?ABSOLUTE (__AltMI2C2Interrupt):DEFINED (__MI2C2Interrupt)?ABSOLUTE (__MI2C2Interrupt):ABSOLUTE (__DefaultInterrupt)
                  0x00017a          0x4 LONG 0x312 DEFINED (__AltInterrupt51)?ABSOLUTE (__AltInterrupt51):DEFINED (__Interrupt51)?ABSOLUTE (__Interrupt51):ABSOLUTE (__DefaultInterrupt)
                  0x00017c          0x4 LONG 0x312 DEFINED (__AltInterrupt52)?ABSOLUTE (__AltInterrupt52):DEFINED (__Interrupt52)?ABSOLUTE (__Interrupt52):ABSOLUTE (__DefaultInterrupt)
                  0x00017e          0x4 LONG 0x312 DEFINED (__AltINT3Interrupt)?ABSOLUTE (__AltINT3Interrupt):DEFINED (__INT3Interrupt)?ABSOLUTE (__INT3Interrupt):ABSOLUTE (__DefaultInterrupt)
                  0x000180          0x4 LONG 0x312 DEFINED (__AltINT4Interrupt)?ABSOLUTE (__AltINT4Interrupt):DEFINED (__INT4Interrupt)?ABSOLUTE (__INT4Interrupt):ABSOLUTE (__DefaultInterrupt)
                  0x000182          0x4 LONG 0x312 DEFINED (__AltInterrupt55)?ABSOLUTE (__AltInterrupt55):DEFINED (__Interrupt55)?ABSOLUTE (__Interrupt55):ABSOLUTE (__DefaultInterrupt)
                  0x000184          0x4 LONG 0x312 DEFINED (__AltInterrupt56)?ABSOLUTE (__AltInterrupt56):DEFINED (__Interrupt56)?ABSOLUTE (__Interrupt56):ABSOLUTE (__DefaultInterrupt)
                  0x000186          0x4 LONG 0x312 DEFINED (__AltInterrupt57)?ABSOLUTE (__AltInterrupt57):DEFINED (__Interrupt57)?ABSOLUTE (__Interrupt57):ABSOLUTE (__DefaultInterrupt)
                  0x000188          0x4 LONG 0x312 DEFINED (__AltInterrupt58)?ABSOLUTE (__AltInterrupt58):DEFINED (__Interrupt58)?ABSOLUTE (__Interrupt58):ABSOLUTE (__DefaultInterrupt)
                  0x00018a          0x4 LONG 0x312 DEFINED (__AltInterrupt59)?ABSOLUTE (__AltInterrupt59):DEFINED (__Interrupt59)?ABSOLUTE (__Interrupt59):ABSOLUTE (__DefaultInterrupt)
                  0x00018c          0x4 LONG 0x312 DEFINED (__AltInterrupt60)?ABSOLUTE (__AltInterrupt60):DEFINED (__Interrupt60)?ABSOLUTE (__Interrupt60):ABSOLUTE (__DefaultInterrupt)
                  0x00018e          0x4 LONG 0x312 DEFINED (__AltDMA5Interrupt)?ABSOLUTE (__AltDMA5Interrupt):DEFINED (__DMA5Interrupt)?ABSOLUTE (__DMA5Interrupt):ABSOLUTE (__DefaultInterrupt)
                  0x000190          0x4 LONG 0x312 DEFINED (__AltRTCCInterrupt)?ABSOLUTE (__AltRTCCInterrupt):DEFINED (__RTCCInterrupt)?ABSOLUTE (__RTCCInterrupt):ABSOLUTE (__DefaultInterrupt)
                  0x000192          0x4 LONG 0x312 DEFINED (__AltInterrupt63)?ABSOLUTE (__AltInterrupt63):DEFINED (__Interrupt63)?ABSOLUTE (__Interrupt63):ABSOLUTE (__DefaultInterrupt)
                  0x000194          0x4 LONG 0x312 DEFINED (__AltInterrupt64)?ABSOLUTE (__AltInterrupt64):DEFINED (__Interrupt64)?ABSOLUTE (__Interrupt64):ABSOLUTE (__DefaultInterrupt)
                  0x000196          0x4 LONG 0x312 DEFINED (__AltU1ErrInterrupt)?ABSOLUTE (__AltU1ErrInterrupt):DEFINED (__U1ErrInterrupt)?ABSOLUTE (__U1ErrInterrupt):ABSOLUTE (__DefaultInterrupt)
                  0x000198          0x4 LONG 0x312 DEFINED (__AltU2ErrInterrupt)?ABSOLUTE (__AltU2ErrInterrupt):DEFINED (__U2ErrInterrupt)?ABSOLUTE (__U2ErrInterrupt):ABSOLUTE (__DefaultInterrupt)
                  0x00019a          0x4 LONG 0x312 DEFINED (__AltCRCInterrupt)?ABSOLUTE (__AltCRCInterrupt):DEFINED (__CRCInterrupt)?ABSOLUTE (__CRCInterrupt):ABSOLUTE (__DefaultInterrupt)
                  0x00019c          0x4 LONG 0x312 DEFINED (__AltInterrupt68)?ABSOLUTE (__AltInterrupt68):DEFINED (__Interrupt68)?ABSOLUTE (__Interrupt68):ABSOLUTE (__DefaultInterrupt)
                  0x00019e          0x4 LONG 0x312 DEFINED (__AltInterrupt69)?ABSOLUTE (__AltInterrupt69):DEFINED (__Interrupt69)?ABSOLUTE (__Interrupt69):ABSOLUTE (__DefaultInterrupt)
                  0x0001a0          0x4 LONG 0x312 DEFINED (__AltInterrupt70)?ABSOLUTE (__AltInterrupt70):DEFINED (__Interrupt70)?ABSOLUTE (__Interrupt70):ABSOLUTE (__DefaultInterrupt)
                  0x0001a2          0x4 LONG 0x312 DEFINED (__AltInterrupt71)?ABSOLUTE (__AltInterrupt71):DEFINED (__Interrupt71)?ABSOLUTE (__Interrupt71):ABSOLUTE (__DefaultInterrupt)
                  0x0001a4          0x4 LONG 0x312 DEFINED (__AltLVDInterrupt)?ABSOLUTE (__AltLVDInterrupt):DEFINED (__LVDInterrupt)?ABSOLUTE (__LVDInterrupt):ABSOLUTE (__DefaultInterrupt)
                  0x0001a6          0x4 LONG 0x312 DEFINED (__AltInterrupt73)?ABSOLUTE (__AltInterrupt73):DEFINED (__Interrupt73)?ABSOLUTE (__Interrupt73):ABSOLUTE (__DefaultInterrupt)
                  0x0001a8          0x4 LONG 0x312 DEFINED (__AltInterrupt74)?ABSOLUTE (__AltInterrupt74):DEFINED (__Interrupt74)?ABSOLUTE (__Interrupt74):ABSOLUTE (__DefaultInterrupt)
                  0x0001aa          0x4 LONG 0x312 DEFINED (__AltInterrupt75)?ABSOLUTE (__AltInterrupt75):DEFINED (__Interrupt75)?ABSOLUTE (__Interrupt75):ABSOLUTE (__DefaultInterrupt)
                  0x0001ac          0x4 LONG 0x312 DEFINED (__AltInterrupt76)?ABSOLUTE (__AltInterrupt76):DEFINED (__Interrupt76)?ABSOLUTE (__Interrupt76):ABSOLUTE (__DefaultInterrupt)
                  0x0001ae          0x4 LONG 0x312 DEFINED (__AltCTMUInterrupt)?ABSOLUTE (__AltCTMUInterrupt):DEFINED (__CTMUInterrupt)?ABSOLUTE (__CTMUInterrupt):ABSOLUTE (__DefaultInterrupt)
                  0x0001b0          0x4 LONG 0x312 DEFINED (__AltDAC1Interrupt)?ABSOLUTE (__AltDAC1Interrupt):DEFINED (__DAC1Interrupt)?ABSOLUTE (__DAC1Interrupt):ABSOLUTE (__DefaultInterrupt)
                  0x0001b2          0x4 LONG 0x312 DEFINED (__AltDAC2Interrupt)?ABSOLUTE (__AltDAC2Interrupt):DEFINED (__DAC2Interrupt)?ABSOLUTE (__DAC2Interrupt):ABSOLUTE (__DefaultInterrupt)
                  0x0001b4          0x4 LONG 0x312 DEFINED (__AltInterrupt80)?ABSOLUTE (__AltInterrupt80):DEFINED (__Interrupt80)?ABSOLUTE (__Interrupt80):ABSOLUTE (__DefaultInterrupt)
                  0x0001b6          0x4 LONG 0x312 DEFINED (__AltU3ErrInterrupt)?ABSOLUTE (__AltU3ErrInterrupt):DEFINED (__U3ErrInterrupt)?ABSOLUTE (__U3ErrInterrupt):ABSOLUTE (__DefaultInterrupt)
                  0x0001b8          0x4 LONG 0x312 DEFINED (__AltU3RXInterrupt)?ABSOLUTE (__AltU3RXInterrupt):DEFINED (__U3RXInterrupt)?ABSOLUTE (__U3RXInterrupt):ABSOLUTE (__DefaultInterrupt)
                  0x0001ba          0x4 LONG 0x312 DEFINED (__AltU3TXInterrupt)?ABSOLUTE (__AltU3TXInterrupt):DEFINED (__U3TXInterrupt)?ABSOLUTE (__U3TXInterrupt):ABSOLUTE (__DefaultInterrupt)
                  0x0001bc          0x4 LONG 0x312 DEFINED (__AltInterrupt84)?ABSOLUTE (__AltInterrupt84):DEFINED (__Interrupt84)?ABSOLUTE (__Interrupt84):ABSOLUTE (__DefaultInterrupt)
                  0x0001be          0x4 LONG 0x312 DEFINED (__AltInterrupt85)?ABSOLUTE (__AltInterrupt85):DEFINED (__Interrupt85)?ABSOLUTE (__Interrupt85):ABSOLUTE (__DefaultInterrupt)
                  0x0001c0          0x4 LONG 0xd0e DEFINED (__AltUSB1Interrupt)?ABSOLUTE (__AltUSB1Interrupt):DEFINED (__USB1Interrupt)?ABSOLUTE (__USB1Interrupt):ABSOLUTE (__DefaultInterrupt)
                  0x0001c2          0x4 LONG 0x312 DEFINED (__AltU4ErrInterrupt)?ABSOLUTE (__AltU4ErrInterrupt):DEFINED (__U4ErrInterrupt)?ABSOLUTE (__U4ErrInterrupt):ABSOLUTE (__DefaultInterrupt)
                  0x0001c4          0x4 LONG 0x312 DEFINED (__AltU4RXInterrupt)?ABSOLUTE (__AltU4RXInterrupt):DEFINED (__U4RXInterrupt)?ABSOLUTE (__U4RXInterrupt):ABSOLUTE (__DefaultInterrupt)
                  0x0001c6          0x4 LONG 0x312 DEFINED (__AltU4TXInterrupt)?ABSOLUTE (__AltU4TXInterrupt):DEFINED (__U4TXInterrupt)?ABSOLUTE (__U4TXInterrupt):ABSOLUTE (__DefaultInterrupt)
                  0x0001c8          0x4 LONG 0x312 DEFINED (__AltInterrupt90)?ABSOLUTE (__AltInterrupt90):DEFINED (__Interrupt90)?ABSOLUTE (__Interrupt90):ABSOLUTE (__DefaultInterrupt)
                  0x0001ca          0x4 LONG 0x312 DEFINED (__AltInterrupt91)?ABSOLUTE (__AltInterrupt91):DEFINED (__Interrupt91)?ABSOLUTE (__Interrupt91):ABSOLUTE (__DefaultInterrupt)
                  0x0001cc          0x4 LONG 0x312 DEFINED (__AltOC9Interrupt)?ABSOLUTE (__AltOC9Interrupt):DEFINED (__OC9Interrupt)?ABSOLUTE (__OC9Interrupt):ABSOLUTE (__DefaultInterrupt)
                  0x0001ce          0x4 LONG 0x312 DEFINED (__AltIC9Interrupt)?ABSOLUTE (__AltIC9Interrupt):DEFINED (__IC9Interrupt)?ABSOLUTE (__IC9Interrupt):ABSOLUTE (__DefaultInterrupt)
                  0x0001d0          0x4 LONG 0x312 DEFINED (__AltInterrupt94)?ABSOLUTE (__AltInterrupt94):DEFINED (__Interrupt94)?ABSOLUTE (__Interrupt94):ABSOLUTE (__DefaultInterrupt)
                  0x0001d2          0x4 LONG 0x312 DEFINED (__AltInterrupt95)?ABSOLUTE (__AltInterrupt95):DEFINED (__Interrupt95)?ABSOLUTE (__Interrupt95):ABSOLUTE (__DefaultInterrupt)
                  0x0001d4          0x4 LONG 0x312 DEFINED (__AltInterrupt96)?ABSOLUTE (__AltInterrupt96):DEFINED (__Interrupt96)?ABSOLUTE (__Interrupt96):ABSOLUTE (__DefaultInterrupt)
                  0x0001d6          0x4 LONG 0x312 DEFINED (__AltInterrupt97)?ABSOLUTE (__AltInterrupt97):DEFINED (__Interrupt97)?ABSOLUTE (__Interrupt97):ABSOLUTE (__DefaultInterrupt)
                  0x0001d8          0x4 LONG 0x312 DEFINED (__AltInterrupt98)?ABSOLUTE (__AltInterrupt98):DEFINED (__Interrupt98)?ABSOLUTE (__Interrupt98):ABSOLUTE (__DefaultInterrupt)
                  0x0001da          0x4 LONG 0x312 DEFINED (__AltInterrupt99)?ABSOLUTE (__AltInterrupt99):DEFINED (__Interrupt99)?ABSOLUTE (__Interrupt99):ABSOLUTE (__DefaultInterrupt)
                  0x0001dc          0x4 LONG 0x312 DEFINED (__AltLCDInterrupt)?ABSOLUTE (__AltLCDInterrupt):DEFINED (__LCDInterrupt)?ABSOLUTE (__LCDInterrupt):ABSOLUTE (__DefaultInterrupt)
                  0x0001de          0x4 LONG 0x312 DEFINED (__AltInterrupt101)?ABSOLUTE (__AltInterrupt101):DEFINED (__Interrupt101)?ABSOLUTE (__Interrupt101):ABSOLUTE (__DefaultInterrupt)
                  0x0001e0          0x4 LONG 0x312 DEFINED (__AltInterrupt102)?ABSOLUTE (__AltInterrupt102):DEFINED (__Interrupt102)?ABSOLUTE (__Interrupt102):ABSOLUTE (__DefaultInterrupt)
                  0x0001e2          0x4 LONG 0x312 DEFINED (__AltAMP1Interrupt)?ABSOLUTE (__AltAMP1Interrupt):DEFINED (__AMP1Interrupt)?ABSOLUTE (__AMP1Interrupt):ABSOLUTE (__DefaultInterrupt)
                  0x0001e4          0x4 LONG 0x312 DEFINED (__AltAMP2Interrupt)?ABSOLUTE (__AltAMP2Interrupt):DEFINED (__AMP2Interrupt)?ABSOLUTE (__AMP2Interrupt):ABSOLUTE (__DefaultInterrupt)
                  0x0001e6          0x4 LONG 0x312 DEFINED (__AltSDA1Interrupt)?ABSOLUTE (__AltSDA1Interrupt):DEFINED (__SDA1Interrupt)?ABSOLUTE (__SDA1Interrupt):ABSOLUTE (__DefaultInterrupt)
                  0x0001e8          0x4 LONG 0x312 DEFINED (__AltFSTInterrupt)?ABSOLUTE (__AltFSTInterrupt):DEFINED (__FSTInterrupt)?ABSOLUTE (__FSTInterrupt):ABSOLUTE (__DefaultInterrupt)
                  0x0001ea          0x4 LONG 0x312 DEFINED (__AltInterrupt107)?ABSOLUTE (__AltInterrupt107):DEFINED (__Interrupt107)?ABSOLUTE (__Interrupt107):ABSOLUTE (__DefaultInterrupt)
                  0x0001ec          0x4 LONG 0x312 DEFINED (__AltInterrupt108)?ABSOLUTE (__AltInterrupt108):DEFINED (__Interrupt108)?ABSOLUTE (__Interrupt108):ABSOLUTE (__DefaultInterrupt)
                  0x0001ee          0x4 LONG 0x312 DEFINED (__AltInterrupt109)?ABSOLUTE (__AltInterrupt109):DEFINED (__Interrupt109)?ABSOLUTE (__Interrupt109):ABSOLUTE (__DefaultInterrupt)
                  0x0001f0          0x4 LONG 0x312 DEFINED (__AltInterrupt110)?ABSOLUTE (__AltInterrupt110):DEFINED (__Interrupt110)?ABSOLUTE (__Interrupt110):ABSOLUTE (__DefaultInterrupt)
                  0x0001f2          0x4 LONG 0x312 DEFINED (__AltInterrupt111)?ABSOLUTE (__AltInterrupt111):DEFINED (__Interrupt111)?ABSOLUTE (__Interrupt111):ABSOLUTE (__DefaultInterrupt)
                  0x0001f4          0x4 LONG 0x312 DEFINED (__AltInterrupt112)?ABSOLUTE (__AltInterrupt112):DEFINED (__Interrupt112)?ABSOLUTE (__Interrupt112):ABSOLUTE (__DefaultInterrupt)
                  0x0001f6          0x4 LONG 0x312 DEFINED (__AltInterrupt113)?ABSOLUTE (__AltInterrupt113):DEFINED (__Interrupt113)?ABSOLUTE (__Interrupt113):ABSOLUTE (__DefaultInterrupt)
                  0x0001f8          0x4 LONG 0x312 DEFINED (__AltInterrupt114)?ABSOLUTE (__AltInterrupt114):DEFINED (__Interrupt114)?ABSOLUTE (__Interrupt114):ABSOLUTE (__DefaultInterrupt)
                  0x0001fa          0x4 LONG 0x312 DEFINED (__AltInterrupt115)?ABSOLUTE (__AltInterrupt115):DEFINED (__Interrupt115)?ABSOLUTE (__Interrupt115):ABSOLUTE (__DefaultInterrupt)
                  0x0001fc          0x4 LONG 0x312 DEFINED (__AltInterrupt116)?ABSOLUTE (__AltInterrupt116):DEFINED (__Interrupt116)?ABSOLUTE (__Interrupt116):ABSOLUTE (__DefaultInterrupt)
                  0x0001fe          0x4 LONG 0x312 DEFINED (__AltJTAGInterrupt)?ABSOLUTE (__AltJTAGInterrupt):DEFINED (__JTAGInterrupt)?ABSOLUTE (__JTAGInterrupt):ABSOLUTE (__DefaultInterrupt)
                    0x0000                  WREG0 = 0x0
                    0x0000                  _WREG0 = 0x0
                    0x0002                  WREG1 = 0x2
                    0x0002                  _WREG1 = 0x2
                    0x0004                  WREG2 = 0x4
                    0x0004                  _WREG2 = 0x4
                    0x0006                  WREG3 = 0x6
                    0x0006                  _WREG3 = 0x6
                    0x0008                  WREG4 = 0x8
                    0x0008                  _WREG4 = 0x8
                    0x000a                  WREG5 = 0xa
                    0x000a                  _WREG5 = 0xa
                    0x000c                  WREG6 = 0xc
                    0x000c                  _WREG6 = 0xc
                    0x000e                  WREG7 = 0xe
                    0x000e                  _WREG7 = 0xe
                    0x0010                  WREG8 = 0x10
                    0x0010                  _WREG8 = 0x10
                    0x0012                  WREG9 = 0x12
                    0x0012                  _WREG9 = 0x12
                    0x0014                  WREG10 = 0x14
                    0x0014                  _WREG10 = 0x14
                    0x0016                  WREG11 = 0x16
                    0x0016                  _WREG11 = 0x16
                    0x0018                  WREG12 = 0x18
                    0x0018                  _WREG12 = 0x18
                    0x001a                  WREG13 = 0x1a
                    0x001a                  _WREG13 = 0x1a
                    0x001c                  WREG14 = 0x1c
                    0x001c                  _WREG14 = 0x1c
                    0x001e                  WREG15 = 0x1e
                    0x001e                  _WREG15 = 0x1e
                    0x0020                  SPLIM = 0x20
                    0x0020                  _SPLIM = 0x20
                    0x002e                  PCL = 0x2e
                    0x002e                  _PCL = 0x2e
                    0x0030                  PCH = 0x30
                    0x0030                  _PCH = 0x30
                    0x0032                  DSRPAG = 0x32
                    0x0032                  _DSRPAG = 0x32
                    0x0032                  _DSRPAGbits = 0x32
                    0x0034                  DSWPAG = 0x34
                    0x0034                  _DSWPAG = 0x34
                    0x0034                  _DSWPAGbits = 0x34
                    0x0036                  RCOUNT = 0x36
                    0x0036                  _RCOUNT = 0x36
                    0x0042                  SR = 0x42
                    0x0042                  _SR = 0x42
                    0x0042                  _SRbits = 0x42
                    0x0044                  CORCON = 0x44
                    0x0044                  _CORCON = 0x44
                    0x0044                  _CORCONbits = 0x44
                    0x0052                  DISICNT = 0x52
                    0x0052                  _DISICNT = 0x52
                    0x0052                  _DISICNTbits = 0x52
                    0x0054                  TBLPAG = 0x54
                    0x0054                  _TBLPAG = 0x54
                    0x0054                  _TBLPAGbits = 0x54
                    0x0056                  CNPD1 = 0x56
                    0x0056                  _CNPD1 = 0x56
                    0x0056                  _CNPD1bits = 0x56
                    0x0058                  CNPD2 = 0x58
                    0x0058                  _CNPD2 = 0x58
                    0x0058                  _CNPD2bits = 0x58
                    0x005a                  CNPD3 = 0x5a
                    0x005a                  _CNPD3 = 0x5a
                    0x005a                  _CNPD3bits = 0x5a
                    0x005c                  CNPD4 = 0x5c
                    0x005c                  _CNPD4 = 0x5c
                    0x005c                  _CNPD4bits = 0x5c
                    0x005e                  CNPD5 = 0x5e
                    0x005e                  _CNPD5 = 0x5e
                    0x005e                  _CNPD5bits = 0x5e
                    0x0060                  CNPD6 = 0x60
                    0x0060                  _CNPD6 = 0x60
                    0x0060                  _CNPD6bits = 0x60
                    0x0062                  CNEN1 = 0x62
                    0x0062                  _CNEN1 = 0x62
                    0x0062                  _CNEN1bits = 0x62
                    0x0064                  CNEN2 = 0x64
                    0x0064                  _CNEN2 = 0x64
                    0x0064                  _CNEN2bits = 0x64
                    0x0066                  CNEN3 = 0x66
                    0x0066                  _CNEN3 = 0x66
                    0x0066                  _CNEN3bits = 0x66
                    0x0068                  CNEN4 = 0x68
                    0x0068                  _CNEN4 = 0x68
                    0x0068                  _CNEN4bits = 0x68
                    0x006a                  CNEN5 = 0x6a
                    0x006a                  _CNEN5 = 0x6a
                    0x006a                  _CNEN5bits = 0x6a
                    0x006c                  CNEN6 = 0x6c
                    0x006c                  _CNEN6 = 0x6c
                    0x006c                  _CNEN6bits = 0x6c
                    0x006e                  CNPU1 = 0x6e
                    0x006e                  _CNPU1 = 0x6e
                    0x006e                  _CNPU1bits = 0x6e
                    0x0070                  CNPU2 = 0x70
                    0x0070                  _CNPU2 = 0x70
                    0x0070                  _CNPU2bits = 0x70
                    0x0072                  CNPU3 = 0x72
                    0x0072                  _CNPU3 = 0x72
                    0x0072                  _CNPU3bits = 0x72
                    0x0074                  CNPU4 = 0x74
                    0x0074                  _CNPU4 = 0x74
                    0x0074                  _CNPU4bits = 0x74
                    0x0076                  CNPU5 = 0x76
                    0x0076                  _CNPU5 = 0x76
                    0x0076                  _CNPU5bits = 0x76
                    0x0078                  CNPU6 = 0x78
                    0x0078                  _CNPU6 = 0x78
                    0x0078                  _CNPU6bits = 0x78
                    0x0080                  INTCON1 = 0x80
                    0x0080                  _INTCON1 = 0x80
                    0x0080                  _INTCON1bits = 0x80
                    0x0082                  INTCON2 = 0x82
                    0x0082                  _INTCON2 = 0x82
                    0x0082                  _INTCON2bits = 0x82
                    0x0084                  IFS0 = 0x84
                    0x0084                  _IFS0 = 0x84
                    0x0084                  _IFS0bits = 0x84
                    0x0086                  IFS1 = 0x86
                    0x0086                  _IFS1 = 0x86
                    0x0086                  _IFS1bits = 0x86
                    0x0088                  IFS2 = 0x88
                    0x0088                  _IFS2 = 0x88
                    0x0088                  _IFS2bits = 0x88
                    0x008a                  IFS3 = 0x8a
                    0x008a                  _IFS3 = 0x8a
                    0x008a                  _IFS3bits = 0x8a
                    0x008c                  IFS4 = 0x8c
                    0x008c                  _IFS4 = 0x8c
                    0x008c                  _IFS4bits = 0x8c
                    0x008e                  IFS5 = 0x8e
                    0x008e                  _IFS5 = 0x8e
                    0x008e                  _IFS5bits = 0x8e
                    0x0090                  IFS6 = 0x90
                    0x0090                  _IFS6 = 0x90
                    0x0090                  _IFS6bits = 0x90
                    0x0092                  IFS7 = 0x92
                    0x0092                  _IFS7 = 0x92
                    0x0092                  _IFS7bits = 0x92
                    0x0094                  IEC0 = 0x94
                    0x0094                  _IEC0 = 0x94
                    0x0094                  _IEC0bits = 0x94
                    0x0096                  IEC1 = 0x96
                    0x0096                  _IEC1 = 0x96
                    0x0096                  _IEC1bits = 0x96
                    0x0098                  IEC2 = 0x98
                    0x0098                  _IEC2 = 0x98
                    0x0098                  _IEC2bits = 0x98
                    0x009a                  IEC3 = 0x9a
                    0x009a                  _IEC3 = 0x9a
                    0x009a                  _IEC3bits = 0x9a
                    0x009c                  IEC4 = 0x9c
                    0x009c                  _IEC4 = 0x9c
                    0x009c                  _IEC4bits = 0x9c
                    0x009e                  IEC5 = 0x9e
                    0x009e                  _IEC5 = 0x9e
                    0x009e                  _IEC5bits = 0x9e
                    0x00a0                  IEC6 = 0xa0
                    0x00a0                  _IEC6 = 0xa0
                    0x00a0                  _IEC6bits = 0xa0
                    0x00a2                  IEC7 = 0xa2
                    0x00a2                  _IEC7 = 0xa2
                    0x00a2                  _IEC7bits = 0xa2
                    0x00a4                  IPC0 = 0xa4
                    0x00a4                  _IPC0 = 0xa4
                    0x00a4                  _IPC0bits = 0xa4
                    0x00a6                  IPC1 = 0xa6
                    0x00a6                  _IPC1 = 0xa6
                    0x00a6                  _IPC1bits = 0xa6
                    0x00a8                  IPC2 = 0xa8
                    0x00a8                  _IPC2 = 0xa8
                    0x00a8                  _IPC2bits = 0xa8
                    0x00aa                  IPC3 = 0xaa
                    0x00aa                  _IPC3 = 0xaa
                    0x00aa                  _IPC3bits = 0xaa
                    0x00ac                  IPC4 = 0xac
                    0x00ac                  _IPC4 = 0xac
                    0x00ac                  _IPC4bits = 0xac
                    0x00ae                  IPC5 = 0xae
                    0x00ae                  _IPC5 = 0xae
                    0x00ae                  _IPC5bits = 0xae
                    0x00b0                  IPC6 = 0xb0
                    0x00b0                  _IPC6 = 0xb0
                    0x00b0                  _IPC6bits = 0xb0
                    0x00b2                  IPC7 = 0xb2
                    0x00b2                  _IPC7 = 0xb2
                    0x00b2                  _IPC7bits = 0xb2
                    0x00b4                  IPC8 = 0xb4
                    0x00b4                  _IPC8 = 0xb4
                    0x00b4                  _IPC8bits = 0xb4
                    0x00b6                  IPC9 = 0xb6
                    0x00b6                  _IPC9 = 0xb6
                    0x00b6                  _IPC9bits = 0xb6
                    0x00b8                  IPC10 = 0xb8
                    0x00b8                  _IPC10 = 0xb8
                    0x00b8                  _IPC10bits = 0xb8
                    0x00ba                  IPC11 = 0xba
                    0x00ba                  _IPC11 = 0xba
                    0x00ba                  _IPC11bits = 0xba
                    0x00bc                  IPC12 = 0xbc
                    0x00bc                  _IPC12 = 0xbc
                    0x00bc                  _IPC12bits = 0xbc
                    0x00be                  IPC13 = 0xbe
                    0x00be                  _IPC13 = 0xbe
                    0x00be                  _IPC13bits = 0xbe
                    0x00c2                  IPC15 = 0xc2
                    0x00c2                  _IPC15 = 0xc2
                    0x00c2                  _IPC15bits = 0xc2
                    0x00c4                  IPC16 = 0xc4
                    0x00c4                  _IPC16 = 0xc4
                    0x00c4                  _IPC16bits = 0xc4
                    0x00c8                  IPC18 = 0xc8
                    0x00c8                  _IPC18 = 0xc8
                    0x00c8                  _IPC18bits = 0xc8
                    0x00ca                  IPC19 = 0xca
                    0x00ca                  _IPC19 = 0xca
                    0x00ca                  _IPC19bits = 0xca
                    0x00cc                  IPC20 = 0xcc
                    0x00cc                  _IPC20 = 0xcc
                    0x00cc                  _IPC20bits = 0xcc
                    0x00ce                  IPC21 = 0xce
                    0x00ce                  _IPC21 = 0xce
                    0x00ce                  _IPC21bits = 0xce
                    0x00d0                  IPC22 = 0xd0
                    0x00d0                  _IPC22 = 0xd0
                    0x00d0                  _IPC22bits = 0xd0
                    0x00d2                  IPC23 = 0xd2
                    0x00d2                  _IPC23 = 0xd2
                    0x00d2                  _IPC23bits = 0xd2
                    0x00d6                  IPC25 = 0xd6
                    0x00d6                  _IPC25 = 0xd6
                    0x00d6                  _IPC25bits = 0xd6
                    0x00d8                  IPC26 = 0xd8
                    0x00d8                  _IPC26 = 0xd8
                    0x00d8                  _IPC26bits = 0xd8
                    0x00de                  IPC29 = 0xde
                    0x00de                  _IPC29 = 0xde
                    0x00de                  _IPC29bits = 0xde
                    0x00e0                  INTTREG = 0xe0
                    0x00e0                  _INTTREG = 0xe0
                    0x00e0                  _INTTREGbits = 0xe0
                    0x0100                  TMR1 = 0x100
                    0x0100                  _TMR1 = 0x100
                    0x0102                  PR1 = 0x102
                    0x0102                  _PR1 = 0x102
                    0x0104                  T1CON = 0x104
                    0x0104                  _T1CON = 0x104
                    0x0104                  _T1CONbits = 0x104
                    0x0106                  TMR2 = 0x106
                    0x0106                  _TMR2 = 0x106
                    0x0108                  TMR3HLD = 0x108
                    0x0108                  _TMR3HLD = 0x108
                    0x010a                  TMR3 = 0x10a
                    0x010a                  _TMR3 = 0x10a
                    0x010c                  PR2 = 0x10c
                    0x010c                  _PR2 = 0x10c
                    0x010e                  PR3 = 0x10e
                    0x010e                  _PR3 = 0x10e
                    0x0110                  T2CON = 0x110
                    0x0110                  _T2CON = 0x110
                    0x0110                  _T2CONbits = 0x110
                    0x0112                  T3CON = 0x112
                    0x0112                  _T3CON = 0x112
                    0x0112                  _T3CONbits = 0x112
                    0x0114                  TMR4 = 0x114
                    0x0114                  _TMR4 = 0x114
                    0x0116                  TMR5HLD = 0x116
                    0x0116                  _TMR5HLD = 0x116
                    0x0118                  TMR5 = 0x118
                    0x0118                  _TMR5 = 0x118
                    0x011a                  PR4 = 0x11a
                    0x011a                  _PR4 = 0x11a
                    0x011c                  PR5 = 0x11c
                    0x011c                  _PR5 = 0x11c
                    0x011e                  T4CON = 0x11e
                    0x011e                  _T4CON = 0x11e
                    0x011e                  _T4CONbits = 0x11e
                    0x0120                  T5CON = 0x120
                    0x0120                  _T5CON = 0x120
                    0x0120                  _T5CONbits = 0x120
                    0x0140                  IC1CON1 = 0x140
                    0x0140                  _IC1CON1 = 0x140
                    0x0140                  _IC1CON1bits = 0x140
                    0x0142                  IC1CON2 = 0x142
                    0x0142                  _IC1CON2 = 0x142
                    0x0142                  _IC1CON2bits = 0x142
                    0x0144                  IC1BUF = 0x144
                    0x0144                  _IC1BUF = 0x144
                    0x0146                  IC1TMR = 0x146
                    0x0146                  _IC1TMR = 0x146
                    0x0148                  IC2CON1 = 0x148
                    0x0148                  _IC2CON1 = 0x148
                    0x0148                  _IC2CON1bits = 0x148
                    0x014a                  IC2CON2 = 0x14a
                    0x014a                  _IC2CON2 = 0x14a
                    0x014a                  _IC2CON2bits = 0x14a
                    0x014c                  IC2BUF = 0x14c
                    0x014c                  _IC2BUF = 0x14c
                    0x014e                  IC2TMR = 0x14e
                    0x014e                  _IC2TMR = 0x14e
                    0x0150                  IC3CON1 = 0x150
                    0x0150                  _IC3CON1 = 0x150
                    0x0150                  _IC3CON1bits = 0x150
                    0x0152                  IC3CON2 = 0x152
                    0x0152                  _IC3CON2 = 0x152
                    0x0152                  _IC3CON2bits = 0x152
                    0x0154                  IC3BUF = 0x154
                    0x0154                  _IC3BUF = 0x154
                    0x0156                  IC3TMR = 0x156
                    0x0156                  _IC3TMR = 0x156
                    0x0158                  IC4CON1 = 0x158
                    0x0158                  _IC4CON1 = 0x158
                    0x0158                  _IC4CON1bits = 0x158
                    0x015a                  IC4CON2 = 0x15a
                    0x015a                  _IC4CON2 = 0x15a
                    0x015a                  _IC4CON2bits = 0x15a
                    0x015c                  IC4BUF = 0x15c
                    0x015c                  _IC4BUF = 0x15c
                    0x015e                  IC4TMR = 0x15e
                    0x015e                  _IC4TMR = 0x15e
                    0x0160                  IC5CON1 = 0x160
                    0x0160                  _IC5CON1 = 0x160
                    0x0160                  _IC5CON1bits = 0x160
                    0x0162                  IC5CON2 = 0x162
                    0x0162                  _IC5CON2 = 0x162
                    0x0162                  _IC5CON2bits = 0x162
                    0x0164                  IC5BUF = 0x164
                    0x0164                  _IC5BUF = 0x164
                    0x0166                  IC5TMR = 0x166
                    0x0166                  _IC5TMR = 0x166
                    0x0168                  IC6CON1 = 0x168
                    0x0168                  _IC6CON1 = 0x168
                    0x0168                  _IC6CON1bits = 0x168
                    0x016a                  IC6CON2 = 0x16a
                    0x016a                  _IC6CON2 = 0x16a
                    0x016a                  _IC6CON2bits = 0x16a
                    0x016c                  IC6BUF = 0x16c
                    0x016c                  _IC6BUF = 0x16c
                    0x016e                  IC6TMR = 0x16e
                    0x016e                  _IC6TMR = 0x16e
                    0x0170                  IC7CON1 = 0x170
                    0x0170                  _IC7CON1 = 0x170
                    0x0170                  _IC7CON1bits = 0x170
                    0x0172                  IC7CON2 = 0x172
                    0x0172                  _IC7CON2 = 0x172
                    0x0172                  _IC7CON2bits = 0x172
                    0x0174                  IC7BUF = 0x174
                    0x0174                  _IC7BUF = 0x174
                    0x0176                  IC7TMR = 0x176
                    0x0176                  _IC7TMR = 0x176
                    0x0178                  IC8CON1 = 0x178
                    0x0178                  _IC8CON1 = 0x178
                    0x0178                  _IC8CON1bits = 0x178
                    0x017a                  IC8CON2 = 0x17a
                    0x017a                  _IC8CON2 = 0x17a
                    0x017a                  _IC8CON2bits = 0x17a
                    0x017c                  IC8BUF = 0x17c
                    0x017c                  _IC8BUF = 0x17c
                    0x017e                  IC8TMR = 0x17e
                    0x017e                  _IC8TMR = 0x17e
                    0x0180                  IC9CON1 = 0x180
                    0x0180                  _IC9CON1 = 0x180
                    0x0180                  _IC9CON1bits = 0x180
                    0x0182                  IC9CON2 = 0x182
                    0x0182                  _IC9CON2 = 0x182
                    0x0182                  _IC9CON2bits = 0x182
                    0x0184                  IC9BUF = 0x184
                    0x0184                  _IC9BUF = 0x184
                    0x0186                  IC9TMR = 0x186
                    0x0186                  _IC9TMR = 0x186
                    0x0190                  OC1CON1 = 0x190
                    0x0190                  _OC1CON1 = 0x190
                    0x0190                  _OC1CON1bits = 0x190
                    0x0192                  OC1CON2 = 0x192
                    0x0192                  _OC1CON2 = 0x192
                    0x0192                  _OC1CON2bits = 0x192
                    0x0194                  OC1RS = 0x194
                    0x0194                  _OC1RS = 0x194
                    0x0196                  OC1R = 0x196
                    0x0196                  _OC1R = 0x196
                    0x0198                  OC1TMR = 0x198
                    0x0198                  _OC1TMR = 0x198
                    0x019a                  OC2CON1 = 0x19a
                    0x019a                  _OC2CON1 = 0x19a
                    0x019a                  _OC2CON1bits = 0x19a
                    0x019c                  OC2CON2 = 0x19c
                    0x019c                  _OC2CON2 = 0x19c
                    0x019c                  _OC2CON2bits = 0x19c
                    0x019e                  OC2RS = 0x19e
                    0x019e                  _OC2RS = 0x19e
                    0x01a0                  OC2R = 0x1a0
                    0x01a0                  _OC2R = 0x1a0
                    0x01a2                  OC2TMR = 0x1a2
                    0x01a2                  _OC2TMR = 0x1a2
                    0x01a4                  OC3CON1 = 0x1a4
                    0x01a4                  _OC3CON1 = 0x1a4
                    0x01a4                  _OC3CON1bits = 0x1a4
                    0x01a6                  OC3CON2 = 0x1a6
                    0x01a6                  _OC3CON2 = 0x1a6
                    0x01a6                  _OC3CON2bits = 0x1a6
                    0x01a8                  OC3RS = 0x1a8
                    0x01a8                  _OC3RS = 0x1a8
                    0x01aa                  OC3R = 0x1aa
                    0x01aa                  _OC3R = 0x1aa
                    0x01ac                  OC3TMR = 0x1ac
                    0x01ac                  _OC3TMR = 0x1ac
                    0x01ae                  OC4CON1 = 0x1ae
                    0x01ae                  _OC4CON1 = 0x1ae
                    0x01ae                  _OC4CON1bits = 0x1ae
                    0x01b0                  OC4CON2 = 0x1b0
                    0x01b0                  _OC4CON2 = 0x1b0
                    0x01b0                  _OC4CON2bits = 0x1b0
                    0x01b2                  OC4RS = 0x1b2
                    0x01b2                  _OC4RS = 0x1b2
                    0x01b4                  OC4R = 0x1b4
                    0x01b4                  _OC4R = 0x1b4
                    0x01b6                  OC4TMR = 0x1b6
                    0x01b6                  _OC4TMR = 0x1b6
                    0x01b8                  OC5CON1 = 0x1b8
                    0x01b8                  _OC5CON1 = 0x1b8
                    0x01b8                  _OC5CON1bits = 0x1b8
                    0x01ba                  OC5CON2 = 0x1ba
                    0x01ba                  _OC5CON2 = 0x1ba
                    0x01ba                  _OC5CON2bits = 0x1ba
                    0x01bc                  OC5RS = 0x1bc
                    0x01bc                  _OC5RS = 0x1bc
                    0x01be                  OC5R = 0x1be
                    0x01be                  _OC5R = 0x1be
                    0x01c0                  OC5TMR = 0x1c0
                    0x01c0                  _OC5TMR = 0x1c0
                    0x01c2                  OC6CON1 = 0x1c2
                    0x01c2                  _OC6CON1 = 0x1c2
                    0x01c2                  _OC6CON1bits = 0x1c2
                    0x01c4                  OC6CON2 = 0x1c4
                    0x01c4                  _OC6CON2 = 0x1c4
                    0x01c4                  _OC6CON2bits = 0x1c4
                    0x01c6                  OC6RS = 0x1c6
                    0x01c6                  _OC6RS = 0x1c6
                    0x01c8                  OC6R = 0x1c8
                    0x01c8                  _OC6R = 0x1c8
                    0x01ca                  OC6TMR = 0x1ca
                    0x01ca                  _OC6TMR = 0x1ca
                    0x01cc                  OC7CON1 = 0x1cc
                    0x01cc                  _OC7CON1 = 0x1cc
                    0x01cc                  _OC7CON1bits = 0x1cc
                    0x01ce                  OC7CON2 = 0x1ce
                    0x01ce                  _OC7CON2 = 0x1ce
                    0x01ce                  _OC7CON2bits = 0x1ce
                    0x01d0                  OC7RS = 0x1d0
                    0x01d0                  _OC7RS = 0x1d0
                    0x01d2                  OC7R = 0x1d2
                    0x01d2                  _OC7R = 0x1d2
                    0x01d4                  OC7TMR = 0x1d4
                    0x01d4                  _OC7TMR = 0x1d4
                    0x01d6                  OC8CON1 = 0x1d6
                    0x01d6                  _OC8CON1 = 0x1d6
                    0x01d6                  _OC8CON1bits = 0x1d6
                    0x01d8                  OC8CON2 = 0x1d8
                    0x01d8                  _OC8CON2 = 0x1d8
                    0x01d8                  _OC8CON2bits = 0x1d8
                    0x01da                  OC8RS = 0x1da
                    0x01da                  _OC8RS = 0x1da
                    0x01dc                  OC8R = 0x1dc
                    0x01dc                  _OC8R = 0x1dc
                    0x01de                  OC8TMR = 0x1de
                    0x01de                  _OC8TMR = 0x1de
                    0x01e0                  OC9CON1 = 0x1e0
                    0x01e0                  _OC9CON1 = 0x1e0
                    0x01e0                  _OC9CON1bits = 0x1e0
                    0x01e2                  OC9CON2 = 0x1e2
                    0x01e2                  _OC9CON2 = 0x1e2
                    0x01e2                  _OC9CON2bits = 0x1e2
                    0x01e4                  OC9RS = 0x1e4
                    0x01e4                  _OC9RS = 0x1e4
                    0x01e6                  OC9R = 0x1e6
                    0x01e6                  _OC9R = 0x1e6
                    0x01e8                  OC9TMR = 0x1e8
                    0x01e8                  _OC9TMR = 0x1e8
                    0x0200                  I2C1RCV = 0x200
                    0x0200                  _I2C1RCV = 0x200
                    0x0202                  I2C1TRN = 0x202
                    0x0202                  _I2C1TRN = 0x202
                    0x0204                  I2C1BRG = 0x204
                    0x0204                  _I2C1BRG = 0x204
                    0x0206                  I2C1CON = 0x206
                    0x0206                  _I2C1CON = 0x206
                    0x0206                  _I2C1CONbits = 0x206
                    0x0208                  I2C1STAT = 0x208
                    0x0208                  _I2C1STAT = 0x208
                    0x0208                  _I2C1STATbits = 0x208
                    0x020a                  I2C1ADD = 0x20a
                    0x020a                  _I2C1ADD = 0x20a
                    0x020c                  I2C1MSK = 0x20c
                    0x020c                  _I2C1MSK = 0x20c
                    0x0210                  I2C2RCV = 0x210
                    0x0210                  _I2C2RCV = 0x210
                    0x0212                  I2C2TRN = 0x212
                    0x0212                  _I2C2TRN = 0x212
                    0x0214                  I2C2BRG = 0x214
                    0x0214                  _I2C2BRG = 0x214
                    0x0216                  I2C2CON = 0x216
                    0x0216                  _I2C2CON = 0x216
                    0x0216                  _I2C2CONbits = 0x216
                    0x0218                  I2C2STAT = 0x218
                    0x0218                  _I2C2STAT = 0x218
                    0x0218                  _I2C2STATbits = 0x218
                    0x021a                  I2C2ADD = 0x21a
                    0x021a                  _I2C2ADD = 0x21a
                    0x021c                  I2C2MSK = 0x21c
                    0x021c                  _I2C2MSK = 0x21c
                    0x0220                  U1MODE = 0x220
                    0x0220                  _U1MODE = 0x220
                    0x0220                  _U1MODEbits = 0x220
                    0x0222                  U1STA = 0x222
                    0x0222                  _U1STA = 0x222
                    0x0222                  _U1STAbits = 0x222
                    0x0224                  U1TXREG = 0x224
                    0x0224                  _U1TXREG = 0x224
                    0x0226                  U1RXREG = 0x226
                    0x0226                  _U1RXREG = 0x226
                    0x0228                  U1BRG = 0x228
                    0x0228                  _U1BRG = 0x228
                    0x0230                  U2MODE = 0x230
                    0x0230                  _U2MODE = 0x230
                    0x0230                  _U2MODEbits = 0x230
                    0x0232                  U2STA = 0x232
                    0x0232                  _U2STA = 0x232
                    0x0232                  _U2STAbits = 0x232
                    0x0234                  U2TXREG = 0x234
                    0x0234                  _U2TXREG = 0x234
                    0x0236                  U2RXREG = 0x236
                    0x0236                  _U2RXREG = 0x236
                    0x0238                  U2BRG = 0x238
                    0x0238                  _U2BRG = 0x238
                    0x0240                  SPI1STAT = 0x240
                    0x0240                  _SPI1STAT = 0x240
                    0x0240                  _SPI1STATbits = 0x240
                    0x0242                  SPI1CON1 = 0x242
                    0x0242                  _SPI1CON1 = 0x242
                    0x0242                  _SPI1CON1bits = 0x242
                    0x0244                  SPI1CON2 = 0x244
                    0x0244                  _SPI1CON2 = 0x244
                    0x0244                  _SPI1CON2bits = 0x244
                    0x0248                  SPI1BUF = 0x248
                    0x0248                  _SPI1BUF = 0x248
                    0x024a                  AMP1CON = 0x24a
                    0x024a                  _AMP1CON = 0x24a
                    0x024a                  _AMP1CONbits = 0x24a
                    0x024c                  AMP2CON = 0x24c
                    0x024c                  _AMP2CON = 0x24c
                    0x024c                  _AMP2CONbits = 0x24c
                    0x0250                  U3MODE = 0x250
                    0x0250                  _U3MODE = 0x250
                    0x0250                  _U3MODEbits = 0x250
                    0x0252                  U3STA = 0x252
                    0x0252                  _U3STA = 0x252
                    0x0252                  _U3STAbits = 0x252
                    0x0254                  U3TXREG = 0x254
                    0x0254                  _U3TXREG = 0x254
                    0x0256                  U3RXREG = 0x256
                    0x0256                  _U3RXREG = 0x256
                    0x0258                  U3BRG = 0x258
                    0x0258                  _U3BRG = 0x258
                    0x0260                  SPI2STAT = 0x260
                    0x0260                  _SPI2STAT = 0x260
                    0x0260                  _SPI2STATbits = 0x260
                    0x0262                  SPI2CON1 = 0x262
                    0x0262                  _SPI2CON1 = 0x262
                    0x0262                  _SPI2CON1bits = 0x262
                    0x0264                  SPI2CON2 = 0x264
                    0x0264                  _SPI2CON2 = 0x264
                    0x0264                  _SPI2CON2bits = 0x264
                    0x0268                  SPI2BUF = 0x268
                    0x0268                  _SPI2BUF = 0x268
                    0x02b0                  U4MODE = 0x2b0
                    0x02b0                  _U4MODE = 0x2b0
                    0x02b0                  _U4MODEbits = 0x2b0
                    0x02b2                  U4STA = 0x2b2
                    0x02b2                  _U4STA = 0x2b2
                    0x02b2                  _U4STAbits = 0x2b2
                    0x02b4                  U4TXREG = 0x2b4
                    0x02b4                  _U4TXREG = 0x2b4
                    0x02b6                  U4RXREG = 0x2b6
                    0x02b6                  _U4RXREG = 0x2b6
                    0x02b8                  U4BRG = 0x2b8
                    0x02b8                  _U4BRG = 0x2b8